Component: ARM Compiler 5.05 update 2 (build 169) Tool: armlink [4d0f33]

==============================================================================

Section Cross References

    startup_stm32f40xx.o(RESET) refers to startup_stm32f40xx.o(STACK) for __initial_sp
    startup_stm32f40xx.o(RESET) refers to startup_stm32f40xx.o(.text) for Reset_Handler
    startup_stm32f40xx.o(RESET) refers to stm32f4xx_it.o(i.NMI_Handler) for NMI_Handler
    startup_stm32f40xx.o(RESET) refers to stm32f4xx_it.o(i.HardFault_Handler) for HardFault_Handler
    startup_stm32f40xx.o(RESET) refers to stm32f4xx_it.o(i.MemManage_Handler) for MemManage_Handler
    startup_stm32f40xx.o(RESET) refers to stm32f4xx_it.o(i.BusFault_Handler) for BusFault_Handler
    startup_stm32f40xx.o(RESET) refers to stm32f4xx_it.o(i.UsageFault_Handler) for UsageFault_Handler
    startup_stm32f40xx.o(RESET) refers to stm32f4xx_it.o(i.SVC_Handler) for SVC_Handler
    startup_stm32f40xx.o(RESET) refers to stm32f4xx_it.o(i.DebugMon_Handler) for DebugMon_Handler
    startup_stm32f40xx.o(RESET) refers to stm32f4xx_it.o(i.PendSV_Handler) for PendSV_Handler
    startup_stm32f40xx.o(RESET) refers to stm32f4xx_it.o(i.SysTick_Handler) for SysTick_Handler
    startup_stm32f40xx.o(RESET) refers to ld3320_main.o(i.EXTI1_IRQHandler) for EXTI1_IRQHandler
    startup_stm32f40xx.o(RESET) refers to bsp_adc.o(i.ADC_IRQHandler) for ADC_IRQHandler
    startup_stm32f40xx.o(RESET) refers to bsp_usart.o(i.USART1_IRQHandler) for USART1_IRQHandler
    startup_stm32f40xx.o(.text) refers to system_stm32f4xx.o(i.SystemInit) for SystemInit
    startup_stm32f40xx.o(.text) refers to entry.o(.ARM.Collect$$$$00000000) for __main
    system_stm32f4xx.o(i.SystemCoreClockUpdate) refers to system_stm32f4xx.o(.data) for .data
    system_stm32f4xx.o(i.SystemInit) refers to system_stm32f4xx.o(i.SetSysClock) for SetSysClock
    stm32f4xx_flash.o(i.FLASH_EraseAllBank1Sectors) refers to stm32f4xx_flash.o(i.FLASH_WaitForLastOperation) for FLASH_WaitForLastOperation
    stm32f4xx_flash.o(i.FLASH_EraseAllBank2Sectors) refers to stm32f4xx_flash.o(i.FLASH_WaitForLastOperation) for FLASH_WaitForLastOperation
    stm32f4xx_flash.o(i.FLASH_EraseAllSectors) refers to stm32f4xx_flash.o(i.FLASH_WaitForLastOperation) for FLASH_WaitForLastOperation
    stm32f4xx_flash.o(i.FLASH_EraseSector) refers to stm32f4xx_flash.o(i.FLASH_WaitForLastOperation) for FLASH_WaitForLastOperation
    stm32f4xx_flash.o(i.FLASH_OB_Launch) refers to stm32f4xx_flash.o(i.FLASH_WaitForLastOperation) for FLASH_WaitForLastOperation
    stm32f4xx_flash.o(i.FLASH_OB_PCROP1Config) refers to stm32f4xx_flash.o(i.FLASH_WaitForLastOperation) for FLASH_WaitForLastOperation
    stm32f4xx_flash.o(i.FLASH_OB_PCROPConfig) refers to stm32f4xx_flash.o(i.FLASH_WaitForLastOperation) for FLASH_WaitForLastOperation
    stm32f4xx_flash.o(i.FLASH_OB_RDPConfig) refers to stm32f4xx_flash.o(i.FLASH_WaitForLastOperation) for FLASH_WaitForLastOperation
    stm32f4xx_flash.o(i.FLASH_OB_UserConfig) refers to stm32f4xx_flash.o(i.FLASH_WaitForLastOperation) for FLASH_WaitForLastOperation
    stm32f4xx_flash.o(i.FLASH_OB_WRP1Config) refers to stm32f4xx_flash.o(i.FLASH_WaitForLastOperation) for FLASH_WaitForLastOperation
    stm32f4xx_flash.o(i.FLASH_OB_WRPConfig) refers to stm32f4xx_flash.o(i.FLASH_WaitForLastOperation) for FLASH_WaitForLastOperation
    stm32f4xx_flash.o(i.FLASH_ProgramByte) refers to stm32f4xx_flash.o(i.FLASH_WaitForLastOperation) for FLASH_WaitForLastOperation
    stm32f4xx_flash.o(i.FLASH_ProgramDoubleWord) refers to stm32f4xx_flash.o(i.FLASH_WaitForLastOperation) for FLASH_WaitForLastOperation
    stm32f4xx_flash.o(i.FLASH_ProgramHalfWord) refers to stm32f4xx_flash.o(i.FLASH_WaitForLastOperation) for FLASH_WaitForLastOperation
    stm32f4xx_flash.o(i.FLASH_ProgramWord) refers to stm32f4xx_flash.o(i.FLASH_WaitForLastOperation) for FLASH_WaitForLastOperation
    stm32f4xx_flash.o(i.FLASH_WaitForLastOperation) refers to stm32f4xx_flash.o(i.FLASH_GetStatus) for FLASH_GetStatus
    stm32f4xx_gpio.o(i.GPIO_DeInit) refers to stm32f4xx_rcc.o(i.RCC_AHB1PeriphResetCmd) for RCC_AHB1PeriphResetCmd
    stm32f4xx_rcc.o(i.RCC_GetClocksFreq) refers to stm32f4xx_rcc.o(.data) for .data
    stm32f4xx_rcc.o(i.RCC_WaitForHSEStartUp) refers to stm32f4xx_rcc.o(i.RCC_GetFlagStatus) for RCC_GetFlagStatus
    stm32f4xx_spi.o(i.SPI_I2S_DeInit) refers to stm32f4xx_rcc.o(i.RCC_APB2PeriphResetCmd) for RCC_APB2PeriphResetCmd
    stm32f4xx_spi.o(i.SPI_I2S_DeInit) refers to stm32f4xx_rcc.o(i.RCC_APB1PeriphResetCmd) for RCC_APB1PeriphResetCmd
    stm32f4xx_tim.o(i.TIM_DeInit) refers to stm32f4xx_rcc.o(i.RCC_APB2PeriphResetCmd) for RCC_APB2PeriphResetCmd
    stm32f4xx_tim.o(i.TIM_DeInit) refers to stm32f4xx_rcc.o(i.RCC_APB1PeriphResetCmd) for RCC_APB1PeriphResetCmd
    stm32f4xx_tim.o(i.TIM_ETRClockMode1Config) refers to stm32f4xx_tim.o(i.TIM_ETRConfig) for TIM_ETRConfig
    stm32f4xx_tim.o(i.TIM_ETRClockMode2Config) refers to stm32f4xx_tim.o(i.TIM_ETRConfig) for TIM_ETRConfig
    stm32f4xx_tim.o(i.TIM_ICInit) refers to stm32f4xx_tim.o(i.TI4_Config) for TI4_Config
    stm32f4xx_tim.o(i.TIM_ICInit) refers to stm32f4xx_tim.o(i.TIM_SetIC4Prescaler) for TIM_SetIC4Prescaler
    stm32f4xx_tim.o(i.TIM_ICInit) refers to stm32f4xx_tim.o(i.TI1_Config) for TI1_Config
    stm32f4xx_tim.o(i.TIM_ICInit) refers to stm32f4xx_tim.o(i.TIM_SetIC1Prescaler) for TIM_SetIC1Prescaler
    stm32f4xx_tim.o(i.TIM_ICInit) refers to stm32f4xx_tim.o(i.TI2_Config) for TI2_Config
    stm32f4xx_tim.o(i.TIM_ICInit) refers to stm32f4xx_tim.o(i.TIM_SetIC2Prescaler) for TIM_SetIC2Prescaler
    stm32f4xx_tim.o(i.TIM_ICInit) refers to stm32f4xx_tim.o(i.TI3_Config) for TI3_Config
    stm32f4xx_tim.o(i.TIM_ICInit) refers to stm32f4xx_tim.o(i.TIM_SetIC3Prescaler) for TIM_SetIC3Prescaler
    stm32f4xx_tim.o(i.TIM_ITRxExternalClockConfig) refers to stm32f4xx_tim.o(i.TIM_SelectInputTrigger) for TIM_SelectInputTrigger
    stm32f4xx_tim.o(i.TIM_PWMIConfig) refers to stm32f4xx_tim.o(i.TI2_Config) for TI2_Config
    stm32f4xx_tim.o(i.TIM_PWMIConfig) refers to stm32f4xx_tim.o(i.TIM_SetIC2Prescaler) for TIM_SetIC2Prescaler
    stm32f4xx_tim.o(i.TIM_PWMIConfig) refers to stm32f4xx_tim.o(i.TI1_Config) for TI1_Config
    stm32f4xx_tim.o(i.TIM_PWMIConfig) refers to stm32f4xx_tim.o(i.TIM_SetIC1Prescaler) for TIM_SetIC1Prescaler
    stm32f4xx_tim.o(i.TIM_TIxExternalClockConfig) refers to stm32f4xx_tim.o(i.TI1_Config) for TI1_Config
    stm32f4xx_tim.o(i.TIM_TIxExternalClockConfig) refers to stm32f4xx_tim.o(i.TIM_SelectInputTrigger) for TIM_SelectInputTrigger
    stm32f4xx_tim.o(i.TIM_TIxExternalClockConfig) refers to stm32f4xx_tim.o(i.TI2_Config) for TI2_Config
    stm32f4xx_usart.o(i.USART_DeInit) refers to stm32f4xx_rcc.o(i.RCC_APB2PeriphResetCmd) for RCC_APB2PeriphResetCmd
    stm32f4xx_usart.o(i.USART_DeInit) refers to stm32f4xx_rcc.o(i.RCC_APB1PeriphResetCmd) for RCC_APB1PeriphResetCmd
    stm32f4xx_usart.o(i.USART_Init) refers to stm32f4xx_rcc.o(i.RCC_GetClocksFreq) for RCC_GetClocksFreq
    stm32f4xx_syscfg.o(i.SYSCFG_DeInit) refers to stm32f4xx_rcc.o(i.RCC_APB2PeriphResetCmd) for RCC_APB2PeriphResetCmd
    stm32f4xx_adc.o(i.ADC_DeInit) refers to stm32f4xx_rcc.o(i.RCC_APB2PeriphResetCmd) for RCC_APB2PeriphResetCmd
    main.o(i.RCC_Configuration) refers to system_stm32f4xx.o(i.SystemInit) for SystemInit
    main.o(i.RCC_Configuration) refers to stm32f4xx_rcc.o(i.RCC_AHB1PeriphClockCmd) for RCC_AHB1PeriphClockCmd
    main.o(i.RCC_Configuration) refers to stm32f4xx_rcc.o(i.RCC_APB2PeriphClockCmd) for RCC_APB2PeriphClockCmd
    main.o(i.RCC_Configuration) refers to stm32f4xx_rcc.o(i.RCC_APB1PeriphClockCmd) for RCC_APB1PeriphClockCmd
    main.o(i.main) refers to bsp_led.o(i.LED_Init) for LED_Init
    main.o(i.main) refers to bsp_adc.o(i.Rheostat_Init) for Rheostat_Init
    main.o(i.main) refers to bsp_usart.o(i.usart_configuration) for usart_configuration
    main.o(i.main) refers to ld3320_main.o(i.LD3320_main) for LD3320_main
    bsp_led.o(i.LED_Init) refers to stm32f4xx_rcc.o(i.RCC_AHB1PeriphClockCmd) for RCC_AHB1PeriphClockCmd
    bsp_led.o(i.LED_Init) refers to stm32f4xx_gpio.o(i.GPIO_Init) for GPIO_Init
    bsp_led.o(i.LED_Init) refers to stm32f4xx_gpio.o(i.GPIO_ResetBits) for GPIO_ResetBits
    bsp_usart.o(i.USART1_IRQHandler) refers to stm32f4xx_usart.o(i.USART_GetITStatus) for USART_GetITStatus
    bsp_usart.o(i.USART1_IRQHandler) refers to stm32f4xx_usart.o(i.USART_ReceiveData) for USART_ReceiveData
    bsp_usart.o(i.USART1_IRQHandler) refers to stm32f4xx_usart.o(i.USART_SendData) for USART_SendData
    bsp_usart.o(i.USART_SendByte) refers to stm32f4xx_usart.o(i.USART_SendData) for USART_SendData
    bsp_usart.o(i.USART_SendByte) refers to stm32f4xx_usart.o(i.USART_GetFlagStatus) for USART_GetFlagStatus
    bsp_usart.o(i.Usart_SendString) refers to bsp_usart.o(i.USART_SendByte) for USART_SendByte
    bsp_usart.o(i.Usart_SendString) refers to stm32f4xx_usart.o(i.USART_GetFlagStatus) for USART_GetFlagStatus
    bsp_usart.o(i.fputc) refers to stm32f4xx_usart.o(i.USART_SendData) for USART_SendData
    bsp_usart.o(i.fputc) refers to stm32f4xx_usart.o(i.USART_GetFlagStatus) for USART_GetFlagStatus
    bsp_usart.o(i.usart_configuration) refers to stm32f4xx_rcc.o(i.RCC_AHB1PeriphClockCmd) for RCC_AHB1PeriphClockCmd
    bsp_usart.o(i.usart_configuration) refers to stm32f4xx_rcc.o(i.RCC_APB2PeriphClockCmd) for RCC_APB2PeriphClockCmd
    bsp_usart.o(i.usart_configuration) refers to stm32f4xx_gpio.o(i.GPIO_PinAFConfig) for GPIO_PinAFConfig
    bsp_usart.o(i.usart_configuration) refers to stm32f4xx_gpio.o(i.GPIO_Init) for GPIO_Init
    bsp_usart.o(i.usart_configuration) refers to stm32f4xx_usart.o(i.USART_Init) for USART_Init
    bsp_usart.o(i.usart_configuration) refers to stm32f4xx_usart.o(i.USART_ITConfig) for USART_ITConfig
    bsp_usart.o(i.usart_configuration) refers to stm32f4xx_usart.o(i.USART_Cmd) for USART_Cmd
    ld3320_main.o(i.EXTI1_IRQHandler) refers to stm32f4xx_exti.o(i.EXTI_GetITStatus) for EXTI_GetITStatus
    ld3320_main.o(i.EXTI1_IRQHandler) refers to ldchip.o(i.ProcessInt0) for ProcessInt0
    ld3320_main.o(i.EXTI1_IRQHandler) refers to bsp_usart.o(i.Usart_SendString) for Usart_SendString
    ld3320_main.o(i.EXTI1_IRQHandler) refers to stm32f4xx_exti.o(i.EXTI_ClearFlag) for EXTI_ClearFlag
    ld3320_main.o(i.EXTI1_IRQHandler) refers to stm32f4xx_exti.o(i.EXTI_ClearITPendingBit) for EXTI_ClearITPendingBit
    ld3320_main.o(i.LD3320_EXTI_Cfg) refers to stm32f4xx_rcc.o(i.RCC_APB2PeriphClockCmd) for RCC_APB2PeriphClockCmd
    ld3320_main.o(i.LD3320_EXTI_Cfg) refers to stm32f4xx_rcc.o(i.RCC_AHB1PeriphClockCmd) for RCC_AHB1PeriphClockCmd
    ld3320_main.o(i.LD3320_EXTI_Cfg) refers to stm32f4xx_gpio.o(i.GPIO_Init) for GPIO_Init
    ld3320_main.o(i.LD3320_EXTI_Cfg) refers to stm32f4xx_syscfg.o(i.SYSCFG_EXTILineConfig) for SYSCFG_EXTILineConfig
    ld3320_main.o(i.LD3320_EXTI_Cfg) refers to stm32f4xx_exti.o(i.EXTI_Init) for EXTI_Init
    ld3320_main.o(i.LD3320_EXTI_Cfg) refers to stm32f4xx_exti.o(i.EXTI_GenerateSWInterrupt) for EXTI_GenerateSWInterrupt
    ld3320_main.o(i.LD3320_EXTI_Cfg) refers to stm32f4xx_gpio.o(i.GPIO_SetBits) for GPIO_SetBits
    ld3320_main.o(i.LD3320_EXTI_Cfg) refers to stm32f4xx_exti.o(i.EXTI_ClearFlag) for EXTI_ClearFlag
    ld3320_main.o(i.LD3320_EXTI_Cfg) refers to stm32f4xx_exti.o(i.EXTI_ClearITPendingBit) for EXTI_ClearITPendingBit
    ld3320_main.o(i.LD3320_EXTI_Cfg) refers to misc.o(i.NVIC_Init) for NVIC_Init
    ld3320_main.o(i.LD3320_GPIO_Cfg) refers to stm32f4xx_rcc.o(i.RCC_APB2PeriphClockCmd) for RCC_APB2PeriphClockCmd
    ld3320_main.o(i.LD3320_GPIO_Cfg) refers to stm32f4xx_gpio.o(i.GPIO_Init) for GPIO_Init
    ld3320_main.o(i.LD3320_GPIO_Cfg) refers to stm32f4xx_gpio.o(i.GPIO_SetBits) for GPIO_SetBits
    ld3320_main.o(i.LD3320_Init) refers to ld3320_main.o(i.LD3320_GPIO_Cfg) for LD3320_GPIO_Cfg
    ld3320_main.o(i.LD3320_Init) refers to ld3320_main.o(i.LD3320_EXTI_Cfg) for LD3320_EXTI_Cfg
    ld3320_main.o(i.LD3320_Init) refers to ld3320_main.o(i.LD3320_Spi_cfg) for LD3320_Spi_cfg
    ld3320_main.o(i.LD3320_Init) refers to ldchip.o(i.LD_reset) for LD_reset
    ld3320_main.o(i.LD3320_Spi_cfg) refers to stm32f4xx_rcc.o(i.RCC_APB1PeriphClockCmd) for RCC_APB1PeriphClockCmd
    ld3320_main.o(i.LD3320_Spi_cfg) refers to stm32f4xx_rcc.o(i.RCC_AHB1PeriphClockCmd) for RCC_AHB1PeriphClockCmd
    ld3320_main.o(i.LD3320_Spi_cfg) refers to stm32f4xx_gpio.o(i.GPIO_PinAFConfig) for GPIO_PinAFConfig
    ld3320_main.o(i.LD3320_Spi_cfg) refers to stm32f4xx_gpio.o(i.GPIO_Init) for GPIO_Init
    ld3320_main.o(i.LD3320_Spi_cfg) refers to stm32f4xx_gpio.o(i.GPIO_SetBits) for GPIO_SetBits
    ld3320_main.o(i.LD3320_Spi_cfg) refers to stm32f4xx_spi.o(i.SPI_Cmd) for SPI_Cmd
    ld3320_main.o(i.LD3320_Spi_cfg) refers to stm32f4xx_spi.o(i.SPI_Init) for SPI_Init
    ld3320_main.o(i.LD3320_delay) refers to ld3320_main.o(i.Delay_) for Delay_
    ld3320_main.o(i.LD3320_main) refers to ld3320_main.o(i.LD3320_Init) for LD3320_Init
    ld3320_main.o(i.LD3320_main) refers to bsp_usart.o(i.Usart_SendString) for Usart_SendString
    ld3320_main.o(i.LD3320_main) refers to ld3320_main.o(i.RunASR) for RunASR
    ld3320_main.o(i.LD3320_main) refers to ldchip.o(i.LD_GetResult) for LD_GetResult
    ld3320_main.o(i.LD3320_main) refers to stm32f4xx_usart.o(i.USART_SendData) for USART_SendData
    ld3320_main.o(i.LD3320_main) refers to ld3320_main.o(.data) for .data
    ld3320_main.o(i.RunASR) refers to ldchip.o(i.LD_AsrStart) for LD_AsrStart
    ld3320_main.o(i.RunASR) refers to ld3320_main.o(i.LD3320_delay) for LD3320_delay
    ld3320_main.o(i.RunASR) refers to ldchip.o(i.LD_AsrAddFixed) for LD_AsrAddFixed
    ld3320_main.o(i.RunASR) refers to ldchip.o(i.LD_AsrRun) for LD_AsrRun
    ld3320_main.o(i.RunASR) refers to ldchip.o(i.LD_reset) for LD_reset
    ldchip.o(i.LD_AsrAddFixed) refers to memcpya.o(.text) for __aeabi_memcpy4
    ldchip.o(i.LD_AsrAddFixed) refers to ldchip.o(i.LD_Check_ASRBusyFlag_b2) for LD_Check_ASRBusyFlag_b2
    ldchip.o(i.LD_AsrAddFixed) refers to reg_rw.o(i.LD_WriteReg) for LD_WriteReg
    ldchip.o(i.LD_AsrAddFixed) refers to ld3320_main.o(i.LD3320_delay) for LD3320_delay
    ldchip.o(i.LD_AsrAddFixed) refers to ldchip.o(.constdata) for .constdata
    ldchip.o(i.LD_AsrRun) refers to reg_rw.o(i.LD_WriteReg) for LD_WriteReg
    ldchip.o(i.LD_AsrRun) refers to ld3320_main.o(i.LD3320_delay) for LD3320_delay
    ldchip.o(i.LD_AsrRun) refers to ldchip.o(i.LD_Check_ASRBusyFlag_b2) for LD_Check_ASRBusyFlag_b2
    ldchip.o(i.LD_AsrStart) refers to ldchip.o(i.LD_Init_ASR) for LD_Init_ASR
    ldchip.o(i.LD_Check_ASRBusyFlag_b2) refers to reg_rw.o(i.LD_ReadReg) for LD_ReadReg
    ldchip.o(i.LD_Check_ASRBusyFlag_b2) refers to ld3320_main.o(i.LD3320_delay) for LD3320_delay
    ldchip.o(i.LD_GetResult) refers to reg_rw.o(i.LD_ReadReg) for LD_ReadReg
    ldchip.o(i.LD_Init_ASR) refers to ldchip.o(i.LD_Init_Common) for LD_Init_Common
    ldchip.o(i.LD_Init_ASR) refers to reg_rw.o(i.LD_WriteReg) for LD_WriteReg
    ldchip.o(i.LD_Init_ASR) refers to ld3320_main.o(i.LD3320_delay) for LD3320_delay
    ldchip.o(i.LD_Init_ASR) refers to ldchip.o(.data) for .data
    ldchip.o(i.LD_Init_Common) refers to reg_rw.o(i.LD_ReadReg) for LD_ReadReg
    ldchip.o(i.LD_Init_Common) refers to reg_rw.o(i.LD_WriteReg) for LD_WriteReg
    ldchip.o(i.LD_Init_Common) refers to ld3320_main.o(i.LD3320_delay) for LD3320_delay
    ldchip.o(i.LD_Init_Common) refers to ldchip.o(.data) for .data
    ldchip.o(i.LD_reset) refers to stm32f4xx_gpio.o(i.GPIO_SetBits) for GPIO_SetBits
    ldchip.o(i.LD_reset) refers to ld3320_main.o(i.LD3320_delay) for LD3320_delay
    ldchip.o(i.LD_reset) refers to stm32f4xx_gpio.o(i.GPIO_ResetBits) for GPIO_ResetBits
    ldchip.o(i.ProcessInt0) refers to reg_rw.o(i.LD_ReadReg) for LD_ReadReg
    ldchip.o(i.ProcessInt0) refers to reg_rw.o(i.LD_WriteReg) for LD_WriteReg
    ldchip.o(i.ProcessInt0) refers to ldchip.o(.data) for .data
    ldchip.o(i.ProcessInt0) refers to ld3320_main.o(.data) for nAsrStatus
    reg_rw.o(i.LD_ReadReg) refers to stm32f4xx_gpio.o(i.GPIO_ResetBits) for GPIO_ResetBits
    reg_rw.o(i.LD_ReadReg) refers to reg_rw.o(i.spi_send_byte) for spi_send_byte
    reg_rw.o(i.LD_ReadReg) refers to stm32f4xx_gpio.o(i.GPIO_SetBits) for GPIO_SetBits
    reg_rw.o(i.LD_WriteReg) refers to stm32f4xx_gpio.o(i.GPIO_ResetBits) for GPIO_ResetBits
    reg_rw.o(i.LD_WriteReg) refers to reg_rw.o(i.spi_send_byte) for spi_send_byte
    reg_rw.o(i.LD_WriteReg) refers to stm32f4xx_gpio.o(i.GPIO_SetBits) for GPIO_SetBits
    reg_rw.o(i.spi_send_byte) refers to stm32f4xx_spi.o(i.SPI_I2S_GetFlagStatus) for SPI_I2S_GetFlagStatus
    reg_rw.o(i.spi_send_byte) refers to stm32f4xx_spi.o(i.SPI_I2S_SendData) for SPI_I2S_SendData
    reg_rw.o(i.spi_send_byte) refers to stm32f4xx_spi.o(i.SPI_I2S_ReceiveData) for SPI_I2S_ReceiveData
    bsp_adc.o(i.ADC_IRQHandler) refers to stm32f4xx_adc.o(i.ADC_GetITStatus) for ADC_GetITStatus
    bsp_adc.o(i.ADC_IRQHandler) refers to stm32f4xx_adc.o(i.ADC_GetConversionValue) for ADC_GetConversionValue
    bsp_adc.o(i.ADC_IRQHandler) refers to stm32f4xx_adc.o(i.ADC_ClearITPendingBit) for ADC_ClearITPendingBit
    bsp_adc.o(i.ADC_IRQHandler) refers to ld3320_main.o(.data) for ADC_ConvertedValue
    bsp_adc.o(i.Rheostat_ADC_GPIO_Config) refers to stm32f4xx_rcc.o(i.RCC_AHB1PeriphClockCmd) for RCC_AHB1PeriphClockCmd
    bsp_adc.o(i.Rheostat_ADC_GPIO_Config) refers to stm32f4xx_gpio.o(i.GPIO_Init) for GPIO_Init
    bsp_adc.o(i.Rheostat_ADC_Mode_Config) refers to stm32f4xx_rcc.o(i.RCC_APB2PeriphClockCmd) for RCC_APB2PeriphClockCmd
    bsp_adc.o(i.Rheostat_ADC_Mode_Config) refers to stm32f4xx_adc.o(i.ADC_CommonInit) for ADC_CommonInit
    bsp_adc.o(i.Rheostat_ADC_Mode_Config) refers to stm32f4xx_adc.o(i.ADC_StructInit) for ADC_StructInit
    bsp_adc.o(i.Rheostat_ADC_Mode_Config) refers to stm32f4xx_adc.o(i.ADC_Init) for ADC_Init
    bsp_adc.o(i.Rheostat_ADC_Mode_Config) refers to stm32f4xx_adc.o(i.ADC_RegularChannelConfig) for ADC_RegularChannelConfig
    bsp_adc.o(i.Rheostat_ADC_Mode_Config) refers to stm32f4xx_adc.o(i.ADC_ITConfig) for ADC_ITConfig
    bsp_adc.o(i.Rheostat_ADC_Mode_Config) refers to stm32f4xx_adc.o(i.ADC_Cmd) for ADC_Cmd
    bsp_adc.o(i.Rheostat_ADC_Mode_Config) refers to stm32f4xx_adc.o(i.ADC_SoftwareStartConv) for ADC_SoftwareStartConv
    bsp_adc.o(i.Rheostat_ADC_NVIC_Config) refers to misc.o(i.NVIC_Init) for NVIC_Init
    bsp_adc.o(i.Rheostat_Init) refers to bsp_adc.o(i.Rheostat_ADC_GPIO_Config) for Rheostat_ADC_GPIO_Config
    bsp_adc.o(i.Rheostat_Init) refers to bsp_adc.o(i.Rheostat_ADC_Mode_Config) for Rheostat_ADC_Mode_Config
    bsp_adc.o(i.Rheostat_Init) refers to bsp_adc.o(i.Rheostat_ADC_NVIC_Config) for Rheostat_ADC_NVIC_Config
    entry.o(.ARM.Collect$$$$00000000) refers (Special) to entry10a.o(.ARM.Collect$$$$0000000D) for __rt_final_cpp
    entry.o(.ARM.Collect$$$$00000000) refers (Special) to entry11a.o(.ARM.Collect$$$$0000000F) for __rt_final_exit
    entry.o(.ARM.Collect$$$$00000000) refers (Special) to entry7b.o(.ARM.Collect$$$$00000008) for _main_clock
    entry.o(.ARM.Collect$$$$00000000) refers (Special) to entry8b.o(.ARM.Collect$$$$0000000A) for _main_cpp_init
    entry.o(.ARM.Collect$$$$00000000) refers (Special) to entry9a.o(.ARM.Collect$$$$0000000B) for _main_init
    entry.o(.ARM.Collect$$$$00000000) refers (Special) to entry5.o(.ARM.Collect$$$$00000004) for _main_scatterload
    entry.o(.ARM.Collect$$$$00000000) refers (Special) to entry2.o(.ARM.Collect$$$$00000001) for _main_stk
    entry2.o(.ARM.Collect$$$$00000001) refers to entry2.o(.ARM.Collect$$$$00002712) for __lit__00000000
    entry2.o(.ARM.Collect$$$$00002712) refers to startup_stm32f40xx.o(STACK) for __initial_sp
    entry2.o(__vectab_stack_and_reset_area) refers to startup_stm32f40xx.o(STACK) for __initial_sp
    entry2.o(__vectab_stack_and_reset_area) refers to entry.o(.ARM.Collect$$$$00000000) for __main
    entry5.o(.ARM.Collect$$$$00000004) refers to init.o(.text) for __scatterload
    entry9a.o(.ARM.Collect$$$$0000000B) refers to main.o(i.main) for main
    entry9b.o(.ARM.Collect$$$$0000000C) refers to main.o(i.main) for main
    init.o(.text) refers to entry5.o(.ARM.Collect$$$$00000004) for __main_after_scatterload


==============================================================================

Removing Unused input sections from the image.

    Removing startup_stm32f40xx.o(HEAP), (512 bytes).
    Removing system_stm32f4xx.o(.rev16_text), (4 bytes).
    Removing system_stm32f4xx.o(.revsh_text), (4 bytes).
    Removing system_stm32f4xx.o(.rrx_text), (6 bytes).
    Removing system_stm32f4xx.o(i.SystemCoreClockUpdate), (132 bytes).
    Removing system_stm32f4xx.o(.data), (20 bytes).
    Removing core_cm3.o(.emb_text), (32 bytes).
    Removing misc.o(.rev16_text), (4 bytes).
    Removing misc.o(.revsh_text), (4 bytes).
    Removing misc.o(.rrx_text), (6 bytes).
    Removing misc.o(i.NVIC_PriorityGroupConfig), (20 bytes).
    Removing misc.o(i.NVIC_SetVectorTable), (20 bytes).
    Removing misc.o(i.NVIC_SystemLPConfig), (28 bytes).
    Removing misc.o(i.SysTick_CLKSourceConfig), (28 bytes).
    Removing stm32f4xx_exti.o(.rev16_text), (4 bytes).
    Removing stm32f4xx_exti.o(.revsh_text), (4 bytes).
    Removing stm32f4xx_exti.o(.rrx_text), (6 bytes).
    Removing stm32f4xx_exti.o(i.EXTI_DeInit), (36 bytes).
    Removing stm32f4xx_exti.o(i.EXTI_GetFlagStatus), (20 bytes).
    Removing stm32f4xx_exti.o(i.EXTI_StructInit), (14 bytes).
    Removing stm32f4xx_flash.o(.rev16_text), (4 bytes).
    Removing stm32f4xx_flash.o(.revsh_text), (4 bytes).
    Removing stm32f4xx_flash.o(.rrx_text), (6 bytes).
    Removing stm32f4xx_flash.o(i.FLASH_ClearFlag), (12 bytes).
    Removing stm32f4xx_flash.o(i.FLASH_DataCacheCmd), (32 bytes).
    Removing stm32f4xx_flash.o(i.FLASH_DataCacheReset), (16 bytes).
    Removing stm32f4xx_flash.o(i.FLASH_EraseAllBank1Sectors), (92 bytes).
    Removing stm32f4xx_flash.o(i.FLASH_EraseAllBank2Sectors), (92 bytes).
    Removing stm32f4xx_flash.o(i.FLASH_EraseAllSectors), (92 bytes).
    Removing stm32f4xx_flash.o(i.FLASH_EraseSector), (112 bytes).
    Removing stm32f4xx_flash.o(i.FLASH_GetFlagStatus), (20 bytes).
    Removing stm32f4xx_flash.o(i.FLASH_GetStatus), (60 bytes).
    Removing stm32f4xx_flash.o(i.FLASH_ITConfig), (28 bytes).
    Removing stm32f4xx_flash.o(i.FLASH_InstructionCacheCmd), (32 bytes).
    Removing stm32f4xx_flash.o(i.FLASH_InstructionCacheReset), (16 bytes).
    Removing stm32f4xx_flash.o(i.FLASH_Lock), (16 bytes).
    Removing stm32f4xx_flash.o(i.FLASH_OB_BORConfig), (24 bytes).
    Removing stm32f4xx_flash.o(i.FLASH_OB_BootConfig), (24 bytes).
    Removing stm32f4xx_flash.o(i.FLASH_OB_GetBOR), (16 bytes).
    Removing stm32f4xx_flash.o(i.FLASH_OB_GetPCROP), (12 bytes).
    Removing stm32f4xx_flash.o(i.FLASH_OB_GetPCROP1), (12 bytes).
    Removing stm32f4xx_flash.o(i.FLASH_OB_GetRDP), (20 bytes).
    Removing stm32f4xx_flash.o(i.FLASH_OB_GetUser), (16 bytes).
    Removing stm32f4xx_flash.o(i.FLASH_OB_GetWRP), (12 bytes).
    Removing stm32f4xx_flash.o(i.FLASH_OB_GetWRP1), (12 bytes).
    Removing stm32f4xx_flash.o(i.FLASH_OB_Launch), (20 bytes).
    Removing stm32f4xx_flash.o(i.FLASH_OB_Lock), (16 bytes).
    Removing stm32f4xx_flash.o(i.FLASH_OB_PCROP1Config), (40 bytes).
    Removing stm32f4xx_flash.o(i.FLASH_OB_PCROPConfig), (40 bytes).
    Removing stm32f4xx_flash.o(i.FLASH_OB_PCROPSelectionConfig), (20 bytes).
    Removing stm32f4xx_flash.o(i.FLASH_OB_RDPConfig), (24 bytes).
    Removing stm32f4xx_flash.o(i.FLASH_OB_Unlock), (36 bytes).
    Removing stm32f4xx_flash.o(i.FLASH_OB_UserConfig), (40 bytes).
    Removing stm32f4xx_flash.o(i.FLASH_OB_WRP1Config), (40 bytes).
    Removing stm32f4xx_flash.o(i.FLASH_OB_WRPConfig), (40 bytes).
    Removing stm32f4xx_flash.o(i.FLASH_PrefetchBufferCmd), (32 bytes).
    Removing stm32f4xx_flash.o(i.FLASH_ProgramByte), (56 bytes).
    Removing stm32f4xx_flash.o(i.FLASH_ProgramDoubleWord), (64 bytes).
    Removing stm32f4xx_flash.o(i.FLASH_ProgramHalfWord), (60 bytes).
    Removing stm32f4xx_flash.o(i.FLASH_ProgramWord), (60 bytes).
    Removing stm32f4xx_flash.o(i.FLASH_SetLatency), (12 bytes).
    Removing stm32f4xx_flash.o(i.FLASH_Unlock), (36 bytes).
    Removing stm32f4xx_flash.o(i.FLASH_WaitForLastOperation), (34 bytes).
    Removing stm32f4xx_gpio.o(.rev16_text), (4 bytes).
    Removing stm32f4xx_gpio.o(.revsh_text), (4 bytes).
    Removing stm32f4xx_gpio.o(.rrx_text), (6 bytes).
    Removing stm32f4xx_gpio.o(i.GPIO_DeInit), (340 bytes).
    Removing stm32f4xx_gpio.o(i.GPIO_PinLockConfig), (26 bytes).
    Removing stm32f4xx_gpio.o(i.GPIO_ReadInputData), (6 bytes).
    Removing stm32f4xx_gpio.o(i.GPIO_ReadInputDataBit), (14 bytes).
    Removing stm32f4xx_gpio.o(i.GPIO_ReadOutputData), (6 bytes).
    Removing stm32f4xx_gpio.o(i.GPIO_ReadOutputDataBit), (14 bytes).
    Removing stm32f4xx_gpio.o(i.GPIO_StructInit), (18 bytes).
    Removing stm32f4xx_gpio.o(i.GPIO_ToggleBits), (8 bytes).
    Removing stm32f4xx_gpio.o(i.GPIO_Write), (4 bytes).
    Removing stm32f4xx_gpio.o(i.GPIO_WriteBit), (12 bytes).
    Removing stm32f4xx_rcc.o(.rev16_text), (4 bytes).
    Removing stm32f4xx_rcc.o(.revsh_text), (4 bytes).
    Removing stm32f4xx_rcc.o(.rrx_text), (6 bytes).
    Removing stm32f4xx_rcc.o(i.RCC_AHB1PeriphClockLPModeCmd), (28 bytes).
    Removing stm32f4xx_rcc.o(i.RCC_AHB1PeriphResetCmd), (28 bytes).
    Removing stm32f4xx_rcc.o(i.RCC_AHB2PeriphClockCmd), (28 bytes).
    Removing stm32f4xx_rcc.o(i.RCC_AHB2PeriphClockLPModeCmd), (28 bytes).
    Removing stm32f4xx_rcc.o(i.RCC_AHB2PeriphResetCmd), (28 bytes).
    Removing stm32f4xx_rcc.o(i.RCC_AHB3PeriphClockCmd), (28 bytes).
    Removing stm32f4xx_rcc.o(i.RCC_AHB3PeriphClockLPModeCmd), (28 bytes).
    Removing stm32f4xx_rcc.o(i.RCC_AHB3PeriphResetCmd), (28 bytes).
    Removing stm32f4xx_rcc.o(i.RCC_APB1PeriphClockLPModeCmd), (28 bytes).
    Removing stm32f4xx_rcc.o(i.RCC_APB1PeriphResetCmd), (28 bytes).
    Removing stm32f4xx_rcc.o(i.RCC_APB2PeriphClockLPModeCmd), (28 bytes).
    Removing stm32f4xx_rcc.o(i.RCC_APB2PeriphResetCmd), (28 bytes).
    Removing stm32f4xx_rcc.o(i.RCC_AdjustHSICalibrationValue), (20 bytes).
    Removing stm32f4xx_rcc.o(i.RCC_BackupResetCmd), (12 bytes).
    Removing stm32f4xx_rcc.o(i.RCC_ClearFlag), (16 bytes).
    Removing stm32f4xx_rcc.o(i.RCC_ClearITPendingBit), (12 bytes).
    Removing stm32f4xx_rcc.o(i.RCC_ClockSecuritySystemCmd), (12 bytes).
    Removing stm32f4xx_rcc.o(i.RCC_DeInit), (84 bytes).
    Removing stm32f4xx_rcc.o(i.RCC_GetFlagStatus), (56 bytes).
    Removing stm32f4xx_rcc.o(i.RCC_GetITStatus), (20 bytes).
    Removing stm32f4xx_rcc.o(i.RCC_GetSYSCLKSource), (16 bytes).
    Removing stm32f4xx_rcc.o(i.RCC_HCLKConfig), (20 bytes).
    Removing stm32f4xx_rcc.o(i.RCC_HSEConfig), (16 bytes).
    Removing stm32f4xx_rcc.o(i.RCC_HSICmd), (12 bytes).
    Removing stm32f4xx_rcc.o(i.RCC_I2SCLKConfig), (12 bytes).
    Removing stm32f4xx_rcc.o(i.RCC_ITConfig), (28 bytes).
    Removing stm32f4xx_rcc.o(i.RCC_LSEConfig), (32 bytes).
    Removing stm32f4xx_rcc.o(i.RCC_LSEModeConfig), (32 bytes).
    Removing stm32f4xx_rcc.o(i.RCC_LSICmd), (12 bytes).
    Removing stm32f4xx_rcc.o(i.RCC_LTDCCLKDivConfig), (20 bytes).
    Removing stm32f4xx_rcc.o(i.RCC_MCO1Config), (20 bytes).
    Removing stm32f4xx_rcc.o(i.RCC_MCO2Config), (20 bytes).
    Removing stm32f4xx_rcc.o(i.RCC_PCLK1Config), (20 bytes).
    Removing stm32f4xx_rcc.o(i.RCC_PCLK2Config), (20 bytes).
    Removing stm32f4xx_rcc.o(i.RCC_PLLCmd), (12 bytes).
    Removing stm32f4xx_rcc.o(i.RCC_PLLConfig), (36 bytes).
    Removing stm32f4xx_rcc.o(i.RCC_PLLI2SCmd), (12 bytes).
    Removing stm32f4xx_rcc.o(i.RCC_PLLI2SConfig), (16 bytes).
    Removing stm32f4xx_rcc.o(i.RCC_PLLSAICmd), (12 bytes).
    Removing stm32f4xx_rcc.o(i.RCC_PLLSAIConfig), (20 bytes).
    Removing stm32f4xx_rcc.o(i.RCC_RTCCLKCmd), (12 bytes).
    Removing stm32f4xx_rcc.o(i.RCC_RTCCLKConfig), (48 bytes).
    Removing stm32f4xx_rcc.o(i.RCC_SAIBlockACLKConfig), (20 bytes).
    Removing stm32f4xx_rcc.o(i.RCC_SAIBlockBCLKConfig), (20 bytes).
    Removing stm32f4xx_rcc.o(i.RCC_SAIPLLI2SClkDivConfig), (20 bytes).
    Removing stm32f4xx_rcc.o(i.RCC_SAIPLLSAIClkDivConfig), (24 bytes).
    Removing stm32f4xx_rcc.o(i.RCC_SYSCLKConfig), (20 bytes).
    Removing stm32f4xx_rcc.o(i.RCC_TIMCLKPresConfig), (12 bytes).
    Removing stm32f4xx_rcc.o(i.RCC_WaitForHSEStartUp), (48 bytes).
    Removing stm32f4xx_spi.o(.rev16_text), (4 bytes).
    Removing stm32f4xx_spi.o(.revsh_text), (4 bytes).
    Removing stm32f4xx_spi.o(.rrx_text), (6 bytes).
    Removing stm32f4xx_spi.o(i.I2S_Cmd), (24 bytes).
    Removing stm32f4xx_spi.o(i.I2S_FullDuplexConfig), (58 bytes).
    Removing stm32f4xx_spi.o(i.I2S_Init), (240 bytes).
    Removing stm32f4xx_spi.o(i.I2S_StructInit), (18 bytes).
    Removing stm32f4xx_spi.o(i.SPI_BiDirectionalLineConfig), (26 bytes).
    Removing stm32f4xx_spi.o(i.SPI_CalculateCRC), (24 bytes).
    Removing stm32f4xx_spi.o(i.SPI_DataSizeConfig), (16 bytes).
    Removing stm32f4xx_spi.o(i.SPI_GetCRC), (12 bytes).
    Removing stm32f4xx_spi.o(i.SPI_GetCRCPolynomial), (4 bytes).
    Removing stm32f4xx_spi.o(i.SPI_I2S_ClearFlag), (6 bytes).
    Removing stm32f4xx_spi.o(i.SPI_I2S_ClearITPendingBit), (14 bytes).
    Removing stm32f4xx_spi.o(i.SPI_I2S_DMACmd), (20 bytes).
    Removing stm32f4xx_spi.o(i.SPI_I2S_DeInit), (196 bytes).
    Removing stm32f4xx_spi.o(i.SPI_I2S_GetITStatus), (44 bytes).
    Removing stm32f4xx_spi.o(i.SPI_I2S_ITConfig), (28 bytes).
    Removing stm32f4xx_spi.o(i.SPI_NSSInternalSoftwareConfig), (28 bytes).
    Removing stm32f4xx_spi.o(i.SPI_SSOutputCmd), (24 bytes).
    Removing stm32f4xx_spi.o(i.SPI_StructInit), (24 bytes).
    Removing stm32f4xx_spi.o(i.SPI_TIModeCmd), (24 bytes).
    Removing stm32f4xx_spi.o(i.SPI_TransmitCRC), (10 bytes).
    Removing stm32f4xx_tim.o(.rev16_text), (4 bytes).
    Removing stm32f4xx_tim.o(.revsh_text), (4 bytes).
    Removing stm32f4xx_tim.o(.rrx_text), (6 bytes).
    Removing stm32f4xx_tim.o(i.TI1_Config), (46 bytes).
    Removing stm32f4xx_tim.o(i.TI2_Config), (54 bytes).
    Removing stm32f4xx_tim.o(i.TI3_Config), (50 bytes).
    Removing stm32f4xx_tim.o(i.TI4_Config), (54 bytes).
    Removing stm32f4xx_tim.o(i.TIM_ARRPreloadConfig), (24 bytes).
    Removing stm32f4xx_tim.o(i.TIM_BDTRConfig), (34 bytes).
    Removing stm32f4xx_tim.o(i.TIM_BDTRStructInit), (18 bytes).
    Removing stm32f4xx_tim.o(i.TIM_CCPreloadControl), (24 bytes).
    Removing stm32f4xx_tim.o(i.TIM_CCxCmd), (22 bytes).
    Removing stm32f4xx_tim.o(i.TIM_CCxNCmd), (22 bytes).
    Removing stm32f4xx_tim.o(i.TIM_ClearFlag), (6 bytes).
    Removing stm32f4xx_tim.o(i.TIM_ClearITPendingBit), (6 bytes).
    Removing stm32f4xx_tim.o(i.TIM_ClearOC1Ref), (12 bytes).
    Removing stm32f4xx_tim.o(i.TIM_ClearOC2Ref), (20 bytes).
    Removing stm32f4xx_tim.o(i.TIM_ClearOC3Ref), (12 bytes).
    Removing stm32f4xx_tim.o(i.TIM_ClearOC4Ref), (20 bytes).
    Removing stm32f4xx_tim.o(i.TIM_Cmd), (24 bytes).
    Removing stm32f4xx_tim.o(i.TIM_CounterModeConfig), (12 bytes).
    Removing stm32f4xx_tim.o(i.TIM_CtrlPWMOutputs), (28 bytes).
    Removing stm32f4xx_tim.o(i.TIM_DMACmd), (20 bytes).
    Removing stm32f4xx_tim.o(i.TIM_DMAConfig), (8 bytes).
    Removing stm32f4xx_tim.o(i.TIM_DeInit), (428 bytes).
    Removing stm32f4xx_tim.o(i.TIM_ETRClockMode1Config), (32 bytes).
    Removing stm32f4xx_tim.o(i.TIM_ETRClockMode2Config), (20 bytes).
    Removing stm32f4xx_tim.o(i.TIM_ETRConfig), (24 bytes).
    Removing stm32f4xx_tim.o(i.TIM_EncoderInterfaceConfig), (50 bytes).
    Removing stm32f4xx_tim.o(i.TIM_ForcedOC1Config), (12 bytes).
    Removing stm32f4xx_tim.o(i.TIM_ForcedOC2Config), (20 bytes).
    Removing stm32f4xx_tim.o(i.TIM_ForcedOC3Config), (12 bytes).
    Removing stm32f4xx_tim.o(i.TIM_ForcedOC4Config), (20 bytes).
    Removing stm32f4xx_tim.o(i.TIM_GenerateEvent), (4 bytes).
    Removing stm32f4xx_tim.o(i.TIM_GetCapture1), (4 bytes).
    Removing stm32f4xx_tim.o(i.TIM_GetCapture2), (4 bytes).
    Removing stm32f4xx_tim.o(i.TIM_GetCapture3), (4 bytes).
    Removing stm32f4xx_tim.o(i.TIM_GetCapture4), (4 bytes).
    Removing stm32f4xx_tim.o(i.TIM_GetCounter), (4 bytes).
    Removing stm32f4xx_tim.o(i.TIM_GetFlagStatus), (14 bytes).
    Removing stm32f4xx_tim.o(i.TIM_GetITStatus), (24 bytes).
    Removing stm32f4xx_tim.o(i.TIM_GetPrescaler), (4 bytes).
    Removing stm32f4xx_tim.o(i.TIM_ICInit), (98 bytes).
    Removing stm32f4xx_tim.o(i.TIM_ICStructInit), (16 bytes).
    Removing stm32f4xx_tim.o(i.TIM_ITConfig), (20 bytes).
    Removing stm32f4xx_tim.o(i.TIM_ITRxExternalClockConfig), (20 bytes).
    Removing stm32f4xx_tim.o(i.TIM_InternalClockConfig), (10 bytes).
    Removing stm32f4xx_tim.o(i.TIM_OC1FastConfig), (12 bytes).
    Removing stm32f4xx_tim.o(i.TIM_OC1Init), (104 bytes).
    Removing stm32f4xx_tim.o(i.TIM_OC1NPolarityConfig), (12 bytes).
    Removing stm32f4xx_tim.o(i.TIM_OC1PolarityConfig), (12 bytes).
    Removing stm32f4xx_tim.o(i.TIM_OC1PreloadConfig), (12 bytes).
    Removing stm32f4xx_tim.o(i.TIM_OC2FastConfig), (20 bytes).
    Removing stm32f4xx_tim.o(i.TIM_OC2Init), (136 bytes).
    Removing stm32f4xx_tim.o(i.TIM_OC2NPolarityConfig), (20 bytes).
    Removing stm32f4xx_tim.o(i.TIM_OC2PolarityConfig), (20 bytes).
    Removing stm32f4xx_tim.o(i.TIM_OC2PreloadConfig), (20 bytes).
    Removing stm32f4xx_tim.o(i.TIM_OC3FastConfig), (12 bytes).
    Removing stm32f4xx_tim.o(i.TIM_OC3Init), (132 bytes).
    Removing stm32f4xx_tim.o(i.TIM_OC3NPolarityConfig), (20 bytes).
    Removing stm32f4xx_tim.o(i.TIM_OC3PolarityConfig), (20 bytes).
    Removing stm32f4xx_tim.o(i.TIM_OC3PreloadConfig), (12 bytes).
    Removing stm32f4xx_tim.o(i.TIM_OC4FastConfig), (20 bytes).
    Removing stm32f4xx_tim.o(i.TIM_OC4Init), (100 bytes).
    Removing stm32f4xx_tim.o(i.TIM_OC4PolarityConfig), (20 bytes).
    Removing stm32f4xx_tim.o(i.TIM_OC4PreloadConfig), (20 bytes).
    Removing stm32f4xx_tim.o(i.TIM_OCStructInit), (20 bytes).
    Removing stm32f4xx_tim.o(i.TIM_PWMIConfig), (110 bytes).
    Removing stm32f4xx_tim.o(i.TIM_PrescalerConfig), (6 bytes).
    Removing stm32f4xx_tim.o(i.TIM_RemapConfig), (6 bytes).
    Removing stm32f4xx_tim.o(i.TIM_SelectCCDMA), (24 bytes).
    Removing stm32f4xx_tim.o(i.TIM_SelectCOM), (24 bytes).
    Removing stm32f4xx_tim.o(i.TIM_SelectHallSensor), (24 bytes).
    Removing stm32f4xx_tim.o(i.TIM_SelectInputTrigger), (12 bytes).
    Removing stm32f4xx_tim.o(i.TIM_SelectMasterSlaveMode), (16 bytes).
    Removing stm32f4xx_tim.o(i.TIM_SelectOCxM), (80 bytes).
    Removing stm32f4xx_tim.o(i.TIM_SelectOnePulseMode), (16 bytes).
    Removing stm32f4xx_tim.o(i.TIM_SelectOutputTrigger), (16 bytes).
    Removing stm32f4xx_tim.o(i.TIM_SelectSlaveMode), (16 bytes).
    Removing stm32f4xx_tim.o(i.TIM_SetAutoreload), (4 bytes).
    Removing stm32f4xx_tim.o(i.TIM_SetClockDivision), (16 bytes).
    Removing stm32f4xx_tim.o(i.TIM_SetCompare1), (4 bytes).
    Removing stm32f4xx_tim.o(i.TIM_SetCompare2), (4 bytes).
    Removing stm32f4xx_tim.o(i.TIM_SetCompare3), (4 bytes).
    Removing stm32f4xx_tim.o(i.TIM_SetCompare4), (4 bytes).
    Removing stm32f4xx_tim.o(i.TIM_SetCounter), (4 bytes).
    Removing stm32f4xx_tim.o(i.TIM_SetIC1Prescaler), (16 bytes).
    Removing stm32f4xx_tim.o(i.TIM_SetIC2Prescaler), (24 bytes).
    Removing stm32f4xx_tim.o(i.TIM_SetIC3Prescaler), (16 bytes).
    Removing stm32f4xx_tim.o(i.TIM_SetIC4Prescaler), (24 bytes).
    Removing stm32f4xx_tim.o(i.TIM_TIxExternalClockConfig), (48 bytes).
    Removing stm32f4xx_tim.o(i.TIM_TimeBaseInit), (124 bytes).
    Removing stm32f4xx_tim.o(i.TIM_TimeBaseStructInit), (18 bytes).
    Removing stm32f4xx_tim.o(i.TIM_UpdateDisableConfig), (24 bytes).
    Removing stm32f4xx_tim.o(i.TIM_UpdateRequestConfig), (24 bytes).
    Removing stm32f4xx_usart.o(.rev16_text), (4 bytes).
    Removing stm32f4xx_usart.o(.revsh_text), (4 bytes).
    Removing stm32f4xx_usart.o(.rrx_text), (6 bytes).
    Removing stm32f4xx_usart.o(i.USART_ClearFlag), (8 bytes).
    Removing stm32f4xx_usart.o(i.USART_ClearITPendingBit), (16 bytes).
    Removing stm32f4xx_usart.o(i.USART_ClockInit), (28 bytes).
    Removing stm32f4xx_usart.o(i.USART_ClockStructInit), (12 bytes).
    Removing stm32f4xx_usart.o(i.USART_DMACmd), (20 bytes).
    Removing stm32f4xx_usart.o(i.USART_DeInit), (256 bytes).
    Removing stm32f4xx_usart.o(i.USART_HalfDuplexCmd), (24 bytes).
    Removing stm32f4xx_usart.o(i.USART_IrDACmd), (24 bytes).
    Removing stm32f4xx_usart.o(i.USART_IrDAConfig), (16 bytes).
    Removing stm32f4xx_usart.o(i.USART_LINBreakDetectLengthConfig), (16 bytes).
    Removing stm32f4xx_usart.o(i.USART_LINCmd), (24 bytes).
    Removing stm32f4xx_usart.o(i.USART_OneBitMethodCmd), (24 bytes).
    Removing stm32f4xx_usart.o(i.USART_OverSampling8Cmd), (24 bytes).
    Removing stm32f4xx_usart.o(i.USART_ReceiverWakeUpCmd), (24 bytes).
    Removing stm32f4xx_usart.o(i.USART_SendBreak), (10 bytes).
    Removing stm32f4xx_usart.o(i.USART_SetAddress), (16 bytes).
    Removing stm32f4xx_usart.o(i.USART_SetGuardTime), (16 bytes).
    Removing stm32f4xx_usart.o(i.USART_SetPrescaler), (16 bytes).
    Removing stm32f4xx_usart.o(i.USART_SmartCardCmd), (24 bytes).
    Removing stm32f4xx_usart.o(i.USART_SmartCardNACKCmd), (24 bytes).
    Removing stm32f4xx_usart.o(i.USART_StructInit), (22 bytes).
    Removing stm32f4xx_usart.o(i.USART_WakeUpConfig), (16 bytes).
    Removing stm32f4xx_syscfg.o(.rev16_text), (4 bytes).
    Removing stm32f4xx_syscfg.o(.revsh_text), (4 bytes).
    Removing stm32f4xx_syscfg.o(.rrx_text), (6 bytes).
    Removing stm32f4xx_syscfg.o(i.SYSCFG_CompensationCellCmd), (12 bytes).
    Removing stm32f4xx_syscfg.o(i.SYSCFG_DeInit), (24 bytes).
    Removing stm32f4xx_syscfg.o(i.SYSCFG_ETH_MediaInterfaceConfig), (12 bytes).
    Removing stm32f4xx_syscfg.o(i.SYSCFG_GetCompensationCellStatus), (20 bytes).
    Removing stm32f4xx_syscfg.o(i.SYSCFG_MemoryRemapConfig), (12 bytes).
    Removing stm32f4xx_syscfg.o(i.SYSCFG_MemorySwappingBank), (12 bytes).
    Removing stm32f4xx_adc.o(.rev16_text), (4 bytes).
    Removing stm32f4xx_adc.o(.revsh_text), (4 bytes).
    Removing stm32f4xx_adc.o(.rrx_text), (6 bytes).
    Removing stm32f4xx_adc.o(i.ADC_AnalogWatchdogCmd), (16 bytes).
    Removing stm32f4xx_adc.o(i.ADC_AnalogWatchdogSingleChannelConfig), (12 bytes).
    Removing stm32f4xx_adc.o(i.ADC_AnalogWatchdogThresholdsConfig), (6 bytes).
    Removing stm32f4xx_adc.o(i.ADC_AutoInjectedConvCmd), (24 bytes).
    Removing stm32f4xx_adc.o(i.ADC_ClearFlag), (6 bytes).
    Removing stm32f4xx_adc.o(i.ADC_CommonStructInit), (12 bytes).
    Removing stm32f4xx_adc.o(i.ADC_ContinuousModeCmd), (24 bytes).
    Removing stm32f4xx_adc.o(i.ADC_DMACmd), (24 bytes).
    Removing stm32f4xx_adc.o(i.ADC_DMARequestAfterLastTransferCmd), (24 bytes).
    Removing stm32f4xx_adc.o(i.ADC_DeInit), (24 bytes).
    Removing stm32f4xx_adc.o(i.ADC_DiscModeChannelCountConfig), (16 bytes).
    Removing stm32f4xx_adc.o(i.ADC_DiscModeCmd), (24 bytes).
    Removing stm32f4xx_adc.o(i.ADC_EOCOnEachRegularChannelCmd), (24 bytes).
    Removing stm32f4xx_adc.o(i.ADC_ExternalTrigInjectedConvConfig), (12 bytes).
    Removing stm32f4xx_adc.o(i.ADC_ExternalTrigInjectedConvEdgeConfig), (12 bytes).
    Removing stm32f4xx_adc.o(i.ADC_GetFlagStatus), (14 bytes).
    Removing stm32f4xx_adc.o(i.ADC_GetInjectedConversionValue), (20 bytes).
    Removing stm32f4xx_adc.o(i.ADC_GetMultiModeConversionValue), (12 bytes).
    Removing stm32f4xx_adc.o(i.ADC_GetSoftwareStartConvStatus), (14 bytes).
    Removing stm32f4xx_adc.o(i.ADC_GetSoftwareStartInjectedConvCmdStatus), (14 bytes).
    Removing stm32f4xx_adc.o(i.ADC_InjectedChannelConfig), (74 bytes).
    Removing stm32f4xx_adc.o(i.ADC_InjectedDiscModeCmd), (24 bytes).
    Removing stm32f4xx_adc.o(i.ADC_InjectedSequencerLengthConfig), (16 bytes).
    Removing stm32f4xx_adc.o(i.ADC_MultiModeDMARequestAfterLastTransferCmd), (40 bytes).
    Removing stm32f4xx_adc.o(i.ADC_SetInjectedOffset), (16 bytes).
    Removing stm32f4xx_adc.o(i.ADC_SoftwareStartInjectedConv), (10 bytes).
    Removing stm32f4xx_adc.o(i.ADC_TempSensorVrefintCmd), (40 bytes).
    Removing stm32f4xx_adc.o(i.ADC_VBATCmd), (40 bytes).
    Removing main.o(.rev16_text), (4 bytes).
    Removing main.o(.revsh_text), (4 bytes).
    Removing main.o(.rrx_text), (6 bytes).
    Removing main.o(i.RCC_Configuration), (36 bytes).
    Removing stm32f4xx_it.o(.rev16_text), (4 bytes).
    Removing stm32f4xx_it.o(.revsh_text), (4 bytes).
    Removing stm32f4xx_it.o(.rrx_text), (6 bytes).
    Removing bsp_led.o(.rev16_text), (4 bytes).
    Removing bsp_led.o(.revsh_text), (4 bytes).
    Removing bsp_led.o(.rrx_text), (6 bytes).
    Removing bsp_usart.o(.rev16_text), (4 bytes).
    Removing bsp_usart.o(.revsh_text), (4 bytes).
    Removing bsp_usart.o(.rrx_text), (6 bytes).
    Removing bsp_usart.o(i.fputc), (36 bytes).
    Removing ld3320_main.o(.rev16_text), (4 bytes).
    Removing ld3320_main.o(.revsh_text), (4 bytes).
    Removing ld3320_main.o(.rrx_text), (6 bytes).
    Removing ld3320_main.o(.data), (4 bytes).
    Removing ldchip.o(.rev16_text), (4 bytes).
    Removing ldchip.o(.revsh_text), (4 bytes).
    Removing ldchip.o(.rrx_text), (6 bytes).
    Removing reg_rw.o(.rev16_text), (4 bytes).
    Removing reg_rw.o(.revsh_text), (4 bytes).
    Removing reg_rw.o(.rrx_text), (6 bytes).
    Removing bsp_adc.o(.rev16_text), (4 bytes).
    Removing bsp_adc.o(.revsh_text), (4 bytes).
    Removing bsp_adc.o(.rrx_text), (6 bytes).

338 unused section(s) (total 9272 bytes) removed from the image.

==============================================================================

Image Symbol Table

    Local Symbols

    Symbol Name                              Value     Ov Type        Size  Object(Section)

    ../clib/microlib/init/entry.s            0x00000000   Number         0  entry8a.o ABSOLUTE
    ../clib/microlib/init/entry.s            0x00000000   Number         0  entry8b.o ABSOLUTE
    ../clib/microlib/init/entry.s            0x00000000   Number         0  entry11b.o ABSOLUTE
    ../clib/microlib/init/entry.s            0x00000000   Number         0  entry11a.o ABSOLUTE
    ../clib/microlib/init/entry.s            0x00000000   Number         0  entry9b.o ABSOLUTE
    ../clib/microlib/init/entry.s            0x00000000   Number         0  entry5.o ABSOLUTE
    ../clib/microlib/init/entry.s            0x00000000   Number         0  entry9a.o ABSOLUTE
    ../clib/microlib/init/entry.s            0x00000000   Number         0  entry7b.o ABSOLUTE
    ../clib/microlib/init/entry.s            0x00000000   Number         0  entry2.o ABSOLUTE
    ../clib/microlib/init/entry.s            0x00000000   Number         0  entry10a.o ABSOLUTE
    ../clib/microlib/init/entry.s            0x00000000   Number         0  entry10b.o ABSOLUTE
    ../clib/microlib/init/entry.s            0x00000000   Number         0  entry.o ABSOLUTE
    ../clib/microlib/init/entry.s            0x00000000   Number         0  entry7a.o ABSOLUTE
    ../clib/microlib/string/memcpy.c         0x00000000   Number         0  memcpyb.o ABSOLUTE
    ../clib/microlib/string/memcpy.c         0x00000000   Number         0  memcpya.o ABSOLUTE
    ..\..\Libraries\CMSIS\Device\ST\STM32F4xx\Source\Templates\arm\startup_stm32f40xx.s 0x00000000   Number         0  startup_stm32f40xx.o ABSOLUTE
    ..\..\Libraries\CMSIS\Device\ST\STM32F4xx\Source\Templates\system_stm32f4xx.c 0x00000000   Number         0  system_stm32f4xx.o ABSOLUTE
    ..\..\Libraries\STM32F4xx_StdPeriph_Driver\src\misc.c 0x00000000   Number         0  misc.o ABSOLUTE
    ..\..\Libraries\STM32F4xx_StdPeriph_Driver\src\stm32f4xx_adc.c 0x00000000   Number         0  stm32f4xx_adc.o ABSOLUTE
    ..\..\Libraries\STM32F4xx_StdPeriph_Driver\src\stm32f4xx_exti.c 0x00000000   Number         0  stm32f4xx_exti.o ABSOLUTE
    ..\..\Libraries\STM32F4xx_StdPeriph_Driver\src\stm32f4xx_flash.c 0x00000000   Number         0  stm32f4xx_flash.o ABSOLUTE
    ..\..\Libraries\STM32F4xx_StdPeriph_Driver\src\stm32f4xx_gpio.c 0x00000000   Number         0  stm32f4xx_gpio.o ABSOLUTE
    ..\..\Libraries\STM32F4xx_StdPeriph_Driver\src\stm32f4xx_rcc.c 0x00000000   Number         0  stm32f4xx_rcc.o ABSOLUTE
    ..\..\Libraries\STM32F4xx_StdPeriph_Driver\src\stm32f4xx_spi.c 0x00000000   Number         0  stm32f4xx_spi.o ABSOLUTE
    ..\..\Libraries\STM32F4xx_StdPeriph_Driver\src\stm32f4xx_syscfg.c 0x00000000   Number         0  stm32f4xx_syscfg.o ABSOLUTE
    ..\..\Libraries\STM32F4xx_StdPeriph_Driver\src\stm32f4xx_tim.c 0x00000000   Number         0  stm32f4xx_tim.o ABSOLUTE
    ..\..\Libraries\STM32F4xx_StdPeriph_Driver\src\stm32f4xx_usart.c 0x00000000   Number         0  stm32f4xx_usart.o ABSOLUTE
    ..\..\User\LEDtest.C                     0x00000000   Number         0  ledtest.o ABSOLUTE
    ..\..\User\adc\bsp_adc.c                 0x00000000   Number         0  bsp_adc.o ABSOLUTE
    ..\..\User\core_cm3.c                    0x00000000   Number         0  core_cm3.o ABSOLUTE
    ..\..\User\delay\delay.c                 0x00000000   Number         0  delay.o ABSOLUTE
    ..\..\User\key\key.c                     0x00000000   Number         0  key.o ABSOLUTE
    ..\..\User\ld3320\LD3320_main.c          0x00000000   Number         0  ld3320_main.o ABSOLUTE
    ..\..\User\ld3320\LDChip.c               0x00000000   Number         0  ldchip.o ABSOLUTE
    ..\..\User\ld3320\Reg_RW.c               0x00000000   Number         0  reg_rw.o ABSOLUTE
    ..\..\User\led\bsp_led.c                 0x00000000   Number         0  bsp_led.o ABSOLUTE
    ..\..\User\main.c                        0x00000000   Number         0  main.o ABSOLUTE
    ..\..\User\stm32f4xx_it.c                0x00000000   Number         0  stm32f4xx_it.o ABSOLUTE
    ..\..\User\sys\sys.c                     0x00000000   Number         0  sys.o ABSOLUTE
    ..\..\User\usart\bsp_usart.c             0x00000000   Number         0  bsp_usart.o ABSOLUTE
    ..\\..\\Libraries\\CMSIS\\Device\\ST\\STM32F4xx\\Source\\Templates\\system_stm32f4xx.c 0x00000000   Number         0  system_stm32f4xx.o ABSOLUTE
    ..\\..\\Libraries\\STM32F4xx_StdPeriph_Driver\\src\\misc.c 0x00000000   Number         0  misc.o ABSOLUTE
    ..\\..\\Libraries\\STM32F4xx_StdPeriph_Driver\\src\\stm32f4xx_adc.c 0x00000000   Number         0  stm32f4xx_adc.o ABSOLUTE
    ..\\..\\Libraries\\STM32F4xx_StdPeriph_Driver\\src\\stm32f4xx_exti.c 0x00000000   Number         0  stm32f4xx_exti.o ABSOLUTE
    ..\\..\\Libraries\\STM32F4xx_StdPeriph_Driver\\src\\stm32f4xx_flash.c 0x00000000   Number         0  stm32f4xx_flash.o ABSOLUTE
    ..\\..\\Libraries\\STM32F4xx_StdPeriph_Driver\\src\\stm32f4xx_gpio.c 0x00000000   Number         0  stm32f4xx_gpio.o ABSOLUTE
    ..\\..\\Libraries\\STM32F4xx_StdPeriph_Driver\\src\\stm32f4xx_rcc.c 0x00000000   Number         0  stm32f4xx_rcc.o ABSOLUTE
    ..\\..\\Libraries\\STM32F4xx_StdPeriph_Driver\\src\\stm32f4xx_spi.c 0x00000000   Number         0  stm32f4xx_spi.o ABSOLUTE
    ..\\..\\Libraries\\STM32F4xx_StdPeriph_Driver\\src\\stm32f4xx_syscfg.c 0x00000000   Number         0  stm32f4xx_syscfg.o ABSOLUTE
    ..\\..\\Libraries\\STM32F4xx_StdPeriph_Driver\\src\\stm32f4xx_tim.c 0x00000000   Number         0  stm32f4xx_tim.o ABSOLUTE
    ..\\..\\Libraries\\STM32F4xx_StdPeriph_Driver\\src\\stm32f4xx_usart.c 0x00000000   Number         0  stm32f4xx_usart.o ABSOLUTE
    ..\\..\\User\\adc\\bsp_adc.c             0x00000000   Number         0  bsp_adc.o ABSOLUTE
    ..\\..\\User\\core_cm3.c                 0x00000000   Number         0  core_cm3.o ABSOLUTE
    ..\\..\\User\\ld3320\\LD3320_main.c      0x00000000   Number         0  ld3320_main.o ABSOLUTE
    ..\\..\\User\\ld3320\\LDChip.c           0x00000000   Number         0  ldchip.o ABSOLUTE
    ..\\..\\User\\ld3320\\Reg_RW.c           0x00000000   Number         0  reg_rw.o ABSOLUTE
    ..\\..\\User\\led\\bsp_led.c             0x00000000   Number         0  bsp_led.o ABSOLUTE
    ..\\..\\User\\main.c                     0x00000000   Number         0  main.o ABSOLUTE
    ..\\..\\User\\stm32f4xx_it.c             0x00000000   Number         0  stm32f4xx_it.o ABSOLUTE
    ..\\..\\User\\usart\\bsp_usart.c         0x00000000   Number         0  bsp_usart.o ABSOLUTE
    dc.s                                     0x00000000   Number         0  dc.o ABSOLUTE
    handlers.s                               0x00000000   Number         0  handlers.o ABSOLUTE
    init.s                                   0x00000000   Number         0  init.o ABSOLUTE
    RESET                                    0x08000000   Section      392  startup_stm32f40xx.o(RESET)
    .ARM.Collect$$$$00000000                 0x08000188   Section        0  entry.o(.ARM.Collect$$$$00000000)
    .ARM.Collect$$$$00000001                 0x08000188   Section        4  entry2.o(.ARM.Collect$$$$00000001)
    .ARM.Collect$$$$00000004                 0x0800018c   Section        4  entry5.o(.ARM.Collect$$$$00000004)
    .ARM.Collect$$$$00000008                 0x08000190   Section        0  entry7b.o(.ARM.Collect$$$$00000008)
    .ARM.Collect$$$$0000000A                 0x08000190   Section        0  entry8b.o(.ARM.Collect$$$$0000000A)
    .ARM.Collect$$$$0000000B                 0x08000190   Section        8  entry9a.o(.ARM.Collect$$$$0000000B)
    .ARM.Collect$$$$0000000D                 0x08000198   Section        0  entry10a.o(.ARM.Collect$$$$0000000D)
    .ARM.Collect$$$$0000000F                 0x08000198   Section        0  entry11a.o(.ARM.Collect$$$$0000000F)
    .ARM.Collect$$$$00002712                 0x08000198   Section        4  entry2.o(.ARM.Collect$$$$00002712)
    __lit__00000000                          0x08000198   Data           4  entry2.o(.ARM.Collect$$$$00002712)
    .text                                    0x0800019c   Section       36  startup_stm32f40xx.o(.text)
    $v0                                      0x0800019c   Number         0  startup_stm32f40xx.o(.text)
    .text                                    0x080001c0   Section        0  memcpya.o(.text)
    .text                                    0x080001e4   Section       36  init.o(.text)
    i.ADC_ClearITPendingBit                  0x08000208   Section        0  stm32f4xx_adc.o(i.ADC_ClearITPendingBit)
    i.ADC_Cmd                                0x08000210   Section        0  stm32f4xx_adc.o(i.ADC_Cmd)
    i.ADC_CommonInit                         0x08000228   Section        0  stm32f4xx_adc.o(i.ADC_CommonInit)
    i.ADC_GetConversionValue                 0x08000250   Section        0  stm32f4xx_adc.o(i.ADC_GetConversionValue)
    i.ADC_GetITStatus                        0x08000256   Section        0  stm32f4xx_adc.o(i.ADC_GetITStatus)
    i.ADC_IRQHandler                         0x08000274   Section        0  bsp_adc.o(i.ADC_IRQHandler)
    i.ADC_ITConfig                           0x080002a8   Section        0  stm32f4xx_adc.o(i.ADC_ITConfig)
    i.ADC_Init                               0x080002c0   Section        0  stm32f4xx_adc.o(i.ADC_Init)
    i.ADC_RegularChannelConfig               0x0800030c   Section        0  stm32f4xx_adc.o(i.ADC_RegularChannelConfig)
    i.ADC_SoftwareStartConv                  0x08000380   Section        0  stm32f4xx_adc.o(i.ADC_SoftwareStartConv)
    i.ADC_StructInit                         0x0800038a   Section        0  stm32f4xx_adc.o(i.ADC_StructInit)
    i.BusFault_Handler                       0x0800039e   Section        0  stm32f4xx_it.o(i.BusFault_Handler)
    i.DebugMon_Handler                       0x080003a0   Section        0  stm32f4xx_it.o(i.DebugMon_Handler)
    i.Delay_                                 0x080003a2   Section        0  ld3320_main.o(i.Delay_)
    i.EXTI1_IRQHandler                       0x080003ac   Section        0  ld3320_main.o(i.EXTI1_IRQHandler)
    i.EXTI_ClearFlag                         0x080003e8   Section        0  stm32f4xx_exti.o(i.EXTI_ClearFlag)
    i.EXTI_ClearITPendingBit                 0x080003f4   Section        0  stm32f4xx_exti.o(i.EXTI_ClearITPendingBit)
    i.EXTI_GenerateSWInterrupt               0x08000400   Section        0  stm32f4xx_exti.o(i.EXTI_GenerateSWInterrupt)
    i.EXTI_GetITStatus                       0x08000410   Section        0  stm32f4xx_exti.o(i.EXTI_GetITStatus)
    i.EXTI_Init                              0x08000424   Section        0  stm32f4xx_exti.o(i.EXTI_Init)
    i.GPIO_Init                              0x08000498   Section        0  stm32f4xx_gpio.o(i.GPIO_Init)
    i.GPIO_PinAFConfig                       0x08000514   Section        0  stm32f4xx_gpio.o(i.GPIO_PinAFConfig)
    i.GPIO_ResetBits                         0x08000534   Section        0  stm32f4xx_gpio.o(i.GPIO_ResetBits)
    i.GPIO_SetBits                           0x08000538   Section        0  stm32f4xx_gpio.o(i.GPIO_SetBits)
    i.HardFault_Handler                      0x0800053c   Section        0  stm32f4xx_it.o(i.HardFault_Handler)
    i.LD3320_EXTI_Cfg                        0x08000540   Section        0  ld3320_main.o(i.LD3320_EXTI_Cfg)
    i.LD3320_GPIO_Cfg                        0x080005d0   Section        0  ld3320_main.o(i.LD3320_GPIO_Cfg)
    i.LD3320_Init                            0x08000614   Section        0  ld3320_main.o(i.LD3320_Init)
    i.LD3320_Spi_cfg                         0x0800062c   Section        0  ld3320_main.o(i.LD3320_Spi_cfg)
    i.LD3320_delay                           0x080006f8   Section        0  ld3320_main.o(i.LD3320_delay)
    i.LD3320_main                            0x08000718   Section        0  ld3320_main.o(i.LD3320_main)
    i.LD_AsrAddFixed                         0x080008cc   Section        0  ldchip.o(i.LD_AsrAddFixed)
    i.LD_AsrRun                              0x08000978   Section        0  ldchip.o(i.LD_AsrRun)
    i.LD_AsrStart                            0x080009f2   Section        0  ldchip.o(i.LD_AsrStart)
    i.LD_Check_ASRBusyFlag_b2                0x080009f6   Section        0  ldchip.o(i.LD_Check_ASRBusyFlag_b2)
    i.LD_GetResult                           0x08000a1c   Section        0  ldchip.o(i.LD_GetResult)
    i.LD_Init_ASR                            0x08000a24   Section        0  ldchip.o(i.LD_Init_ASR)
    i.LD_Init_Common                         0x08000a94   Section        0  ldchip.o(i.LD_Init_Common)
    i.LD_ReadReg                             0x08000b64   Section        0  reg_rw.o(i.LD_ReadReg)
    i.LD_WriteReg                            0x08000ba4   Section        0  reg_rw.o(i.LD_WriteReg)
    i.LD_reset                               0x08000be4   Section        0  ldchip.o(i.LD_reset)
    i.LED_Init                               0x08000c38   Section        0  bsp_led.o(i.LED_Init)
    i.MemManage_Handler                      0x08000c78   Section        0  stm32f4xx_it.o(i.MemManage_Handler)
    i.NMI_Handler                            0x08000c7a   Section        0  stm32f4xx_it.o(i.NMI_Handler)
    i.NVIC_Init                              0x08000c7c   Section        0  misc.o(i.NVIC_Init)
    i.PendSV_Handler                         0x08000ce4   Section        0  stm32f4xx_it.o(i.PendSV_Handler)
    i.ProcessInt0                            0x08000ce8   Section        0  ldchip.o(i.ProcessInt0)
    i.RCC_AHB1PeriphClockCmd                 0x08000d90   Section        0  stm32f4xx_rcc.o(i.RCC_AHB1PeriphClockCmd)
    i.RCC_APB1PeriphClockCmd                 0x08000dac   Section        0  stm32f4xx_rcc.o(i.RCC_APB1PeriphClockCmd)
    i.RCC_APB2PeriphClockCmd                 0x08000dc8   Section        0  stm32f4xx_rcc.o(i.RCC_APB2PeriphClockCmd)
    i.RCC_GetClocksFreq                      0x08000de4   Section        0  stm32f4xx_rcc.o(i.RCC_GetClocksFreq)
    i.Rheostat_ADC_GPIO_Config               0x08000e84   Section        0  bsp_adc.o(i.Rheostat_ADC_GPIO_Config)
    Rheostat_ADC_GPIO_Config                 0x08000e85   Thumb Code    36  bsp_adc.o(i.Rheostat_ADC_GPIO_Config)
    i.Rheostat_ADC_Mode_Config               0x08000eac   Section        0  bsp_adc.o(i.Rheostat_ADC_Mode_Config)
    Rheostat_ADC_Mode_Config                 0x08000ead   Thumb Code   128  bsp_adc.o(i.Rheostat_ADC_Mode_Config)
    i.Rheostat_ADC_NVIC_Config               0x08000f30   Section        0  bsp_adc.o(i.Rheostat_ADC_NVIC_Config)
    Rheostat_ADC_NVIC_Config                 0x08000f31   Thumb Code    30  bsp_adc.o(i.Rheostat_ADC_NVIC_Config)
    i.Rheostat_Init                          0x08000f4e   Section        0  bsp_adc.o(i.Rheostat_Init)
    i.RunASR                                 0x08000f60   Section        0  ld3320_main.o(i.RunASR)
    i.SPI_Cmd                                0x08000fa8   Section        0  stm32f4xx_spi.o(i.SPI_Cmd)
    i.SPI_I2S_GetFlagStatus                  0x08000fc0   Section        0  stm32f4xx_spi.o(i.SPI_I2S_GetFlagStatus)
    i.SPI_I2S_ReceiveData                    0x08000fce   Section        0  stm32f4xx_spi.o(i.SPI_I2S_ReceiveData)
    i.SPI_I2S_SendData                       0x08000fd2   Section        0  stm32f4xx_spi.o(i.SPI_I2S_SendData)
    i.SPI_Init                               0x08000fd6   Section        0  stm32f4xx_spi.o(i.SPI_Init)
    i.SVC_Handler                            0x0800100e   Section        0  stm32f4xx_it.o(i.SVC_Handler)
    i.SYSCFG_EXTILineConfig                  0x08001010   Section        0  stm32f4xx_syscfg.o(i.SYSCFG_EXTILineConfig)
    i.SetSysClock                            0x0800103c   Section        0  system_stm32f4xx.o(i.SetSysClock)
    SetSysClock                              0x0800103d   Thumb Code   168  system_stm32f4xx.o(i.SetSysClock)
    i.SysTick_Handler                        0x080010f4   Section        0  stm32f4xx_it.o(i.SysTick_Handler)
    i.SystemInit                             0x080010f8   Section        0  system_stm32f4xx.o(i.SystemInit)
    i.USART1_IRQHandler                      0x08001154   Section        0  bsp_usart.o(i.USART1_IRQHandler)
    i.USART_Cmd                              0x08001198   Section        0  stm32f4xx_usart.o(i.USART_Cmd)
    i.USART_GetFlagStatus                    0x080011b0   Section        0  stm32f4xx_usart.o(i.USART_GetFlagStatus)
    i.USART_GetITStatus                      0x080011be   Section        0  stm32f4xx_usart.o(i.USART_GetITStatus)
    i.USART_ITConfig                         0x080011fe   Section        0  stm32f4xx_usart.o(i.USART_ITConfig)
    i.USART_Init                             0x08001234   Section        0  stm32f4xx_usart.o(i.USART_Init)
    i.USART_ReceiveData                      0x080012f0   Section        0  stm32f4xx_usart.o(i.USART_ReceiveData)
    i.USART_SendByte                         0x080012f8   Section        0  bsp_usart.o(i.USART_SendByte)
    i.USART_SendData                         0x08001310   Section        0  stm32f4xx_usart.o(i.USART_SendData)
    i.UsageFault_Handler                     0x08001318   Section        0  stm32f4xx_it.o(i.UsageFault_Handler)
    i.Usart_SendString                       0x0800131a   Section        0  bsp_usart.o(i.Usart_SendString)
    i.__scatterload_copy                     0x08001340   Section       14  handlers.o(i.__scatterload_copy)
    i.__scatterload_null                     0x0800134e   Section        2  handlers.o(i.__scatterload_null)
    i.__scatterload_zeroinit                 0x08001350   Section       14  handlers.o(i.__scatterload_zeroinit)
    i.main                                   0x0800135e   Section        0  main.o(i.main)
    i.spi_send_byte                          0x08001370   Section        0  reg_rw.o(i.spi_send_byte)
    spi_send_byte                            0x08001371   Thumb Code    48  reg_rw.o(i.spi_send_byte)
    i.usart_configuration                    0x080013a4   Section        0  bsp_usart.o(i.usart_configuration)
    .constdata                               0x08001440   Section      100  ldchip.o(.constdata)
    .data                                    0x20000000   Section       16  stm32f4xx_rcc.o(.data)
    APBAHBPrescTable                         0x20000000   Data          16  stm32f4xx_rcc.o(.data)
    .data                                    0x20000010   Section        2  ld3320_main.o(.data)
    .data                                    0x20000012   Section        1  ld3320_main.o(.data)
    .data                                    0x20000013   Section        2  ldchip.o(.data)
    STACK                                    0x20000018   Section     1024  startup_stm32f40xx.o(STACK)

    Global Symbols

    Symbol Name                              Value     Ov Type        Size  Object(Section)

    BuildAttributes$$THM_ISAv4$E$P$D$K$B$S$7EM$VFPi3$EXTD16$VFPS$VFMA$PE$A:L22UL41UL21$X:L11$S22US41US21$IEEE1$IW$USESV6$~STKCKD$USESV7$~SHL$OSPACE$EBA8$MICROLIB$REQ8$PRES8$EABIv2 0x00000000   Number         0  anon$$obj.o ABSOLUTE
    __ARM_use_no_argv                        0x00000000   Number         0  main.o ABSOLUTE
    __cpp_initialize__aeabi_                  - Undefined Weak Reference
    __cxa_finalize                            - Undefined Weak Reference
    __decompress                              - Undefined Weak Reference
    _clock_init                               - Undefined Weak Reference
    _microlib_exit                            - Undefined Weak Reference
    __Vectors_Size                           0x00000188   Number         0  startup_stm32f40xx.o ABSOLUTE
    __Vectors                                0x08000000   Data           4  startup_stm32f40xx.o(RESET)
    __Vectors_End                            0x08000188   Data           0  startup_stm32f40xx.o(RESET)
    __main                                   0x08000189   Thumb Code     0  entry.o(.ARM.Collect$$$$00000000)
    _main_stk                                0x08000189   Thumb Code     0  entry2.o(.ARM.Collect$$$$00000001)
    _main_scatterload                        0x0800018d   Thumb Code     0  entry5.o(.ARM.Collect$$$$00000004)
    __main_after_scatterload                 0x08000191   Thumb Code     0  entry5.o(.ARM.Collect$$$$00000004)
    _main_clock                              0x08000191   Thumb Code     0  entry7b.o(.ARM.Collect$$$$00000008)
    _main_cpp_init                           0x08000191   Thumb Code     0  entry8b.o(.ARM.Collect$$$$0000000A)
    _main_init                               0x08000191   Thumb Code     0  entry9a.o(.ARM.Collect$$$$0000000B)
    __rt_final_cpp                           0x08000199   Thumb Code     0  entry10a.o(.ARM.Collect$$$$0000000D)
    __rt_final_exit                          0x08000199   Thumb Code     0  entry11a.o(.ARM.Collect$$$$0000000F)
    Reset_Handler                            0x0800019d   Thumb Code     8  startup_stm32f40xx.o(.text)
    CAN1_RX0_IRQHandler                      0x080001b7   Thumb Code     0  startup_stm32f40xx.o(.text)
    CAN1_RX1_IRQHandler                      0x080001b7   Thumb Code     0  startup_stm32f40xx.o(.text)
    CAN1_SCE_IRQHandler                      0x080001b7   Thumb Code     0  startup_stm32f40xx.o(.text)
    CAN1_TX_IRQHandler                       0x080001b7   Thumb Code     0  startup_stm32f40xx.o(.text)
    CAN2_RX0_IRQHandler                      0x080001b7   Thumb Code     0  startup_stm32f40xx.o(.text)
    CAN2_RX1_IRQHandler                      0x080001b7   Thumb Code     0  startup_stm32f40xx.o(.text)
    CAN2_SCE_IRQHandler                      0x080001b7   Thumb Code     0  startup_stm32f40xx.o(.text)
    CAN2_TX_IRQHandler                       0x080001b7   Thumb Code     0  startup_stm32f40xx.o(.text)
    CRYP_IRQHandler                          0x080001b7   Thumb Code     0  startup_stm32f40xx.o(.text)
    DCMI_IRQHandler                          0x080001b7   Thumb Code     0  startup_stm32f40xx.o(.text)
    DMA1_Stream0_IRQHandler                  0x080001b7   Thumb Code     0  startup_stm32f40xx.o(.text)
    DMA1_Stream1_IRQHandler                  0x080001b7   Thumb Code     0  startup_stm32f40xx.o(.text)
    DMA1_Stream2_IRQHandler                  0x080001b7   Thumb Code     0  startup_stm32f40xx.o(.text)
    DMA1_Stream3_IRQHandler                  0x080001b7   Thumb Code     0  startup_stm32f40xx.o(.text)
    DMA1_Stream4_IRQHandler                  0x080001b7   Thumb Code     0  startup_stm32f40xx.o(.text)
    DMA1_Stream5_IRQHandler                  0x080001b7   Thumb Code     0  startup_stm32f40xx.o(.text)
    DMA1_Stream6_IRQHandler                  0x080001b7   Thumb Code     0  startup_stm32f40xx.o(.text)
    DMA1_Stream7_IRQHandler                  0x080001b7   Thumb Code     0  startup_stm32f40xx.o(.text)
    DMA2_Stream0_IRQHandler                  0x080001b7   Thumb Code     0  startup_stm32f40xx.o(.text)
    DMA2_Stream1_IRQHandler                  0x080001b7   Thumb Code     0  startup_stm32f40xx.o(.text)
    DMA2_Stream2_IRQHandler                  0x080001b7   Thumb Code     0  startup_stm32f40xx.o(.text)
    DMA2_Stream3_IRQHandler                  0x080001b7   Thumb Code     0  startup_stm32f40xx.o(.text)
    DMA2_Stream4_IRQHandler                  0x080001b7   Thumb Code     0  startup_stm32f40xx.o(.text)
    DMA2_Stream5_IRQHandler                  0x080001b7   Thumb Code     0  startup_stm32f40xx.o(.text)
    DMA2_Stream6_IRQHandler                  0x080001b7   Thumb Code     0  startup_stm32f40xx.o(.text)
    DMA2_Stream7_IRQHandler                  0x080001b7   Thumb Code     0  startup_stm32f40xx.o(.text)
    ETH_IRQHandler                           0x080001b7   Thumb Code     0  startup_stm32f40xx.o(.text)
    ETH_WKUP_IRQHandler                      0x080001b7   Thumb Code     0  startup_stm32f40xx.o(.text)
    EXTI0_IRQHandler                         0x080001b7   Thumb Code     0  startup_stm32f40xx.o(.text)
    EXTI15_10_IRQHandler                     0x080001b7   Thumb Code     0  startup_stm32f40xx.o(.text)
    EXTI2_IRQHandler                         0x080001b7   Thumb Code     0  startup_stm32f40xx.o(.text)
    EXTI3_IRQHandler                         0x080001b7   Thumb Code     0  startup_stm32f40xx.o(.text)
    EXTI4_IRQHandler                         0x080001b7   Thumb Code     0  startup_stm32f40xx.o(.text)
    EXTI9_5_IRQHandler                       0x080001b7   Thumb Code     0  startup_stm32f40xx.o(.text)
    FLASH_IRQHandler                         0x080001b7   Thumb Code     0  startup_stm32f40xx.o(.text)
    FPU_IRQHandler                           0x080001b7   Thumb Code     0  startup_stm32f40xx.o(.text)
    FSMC_IRQHandler                          0x080001b7   Thumb Code     0  startup_stm32f40xx.o(.text)
    HASH_RNG_IRQHandler                      0x080001b7   Thumb Code     0  startup_stm32f40xx.o(.text)
    I2C1_ER_IRQHandler                       0x080001b7   Thumb Code     0  startup_stm32f40xx.o(.text)
    I2C1_EV_IRQHandler                       0x080001b7   Thumb Code     0  startup_stm32f40xx.o(.text)
    I2C2_ER_IRQHandler                       0x080001b7   Thumb Code     0  startup_stm32f40xx.o(.text)
    I2C2_EV_IRQHandler                       0x080001b7   Thumb Code     0  startup_stm32f40xx.o(.text)
    I2C3_ER_IRQHandler                       0x080001b7   Thumb Code     0  startup_stm32f40xx.o(.text)
    I2C3_EV_IRQHandler                       0x080001b7   Thumb Code     0  startup_stm32f40xx.o(.text)
    OTG_FS_IRQHandler                        0x080001b7   Thumb Code     0  startup_stm32f40xx.o(.text)
    OTG_FS_WKUP_IRQHandler                   0x080001b7   Thumb Code     0  startup_stm32f40xx.o(.text)
    OTG_HS_EP1_IN_IRQHandler                 0x080001b7   Thumb Code     0  startup_stm32f40xx.o(.text)
    OTG_HS_EP1_OUT_IRQHandler                0x080001b7   Thumb Code     0  startup_stm32f40xx.o(.text)
    OTG_HS_IRQHandler                        0x080001b7   Thumb Code     0  startup_stm32f40xx.o(.text)
    OTG_HS_WKUP_IRQHandler                   0x080001b7   Thumb Code     0  startup_stm32f40xx.o(.text)
    PVD_IRQHandler                           0x080001b7   Thumb Code     0  startup_stm32f40xx.o(.text)
    RCC_IRQHandler                           0x080001b7   Thumb Code     0  startup_stm32f40xx.o(.text)
    RTC_Alarm_IRQHandler                     0x080001b7   Thumb Code     0  startup_stm32f40xx.o(.text)
    RTC_WKUP_IRQHandler                      0x080001b7   Thumb Code     0  startup_stm32f40xx.o(.text)
    SDIO_IRQHandler                          0x080001b7   Thumb Code     0  startup_stm32f40xx.o(.text)
    SPI1_IRQHandler                          0x080001b7   Thumb Code     0  startup_stm32f40xx.o(.text)
    SPI2_IRQHandler                          0x080001b7   Thumb Code     0  startup_stm32f40xx.o(.text)
    SPI3_IRQHandler                          0x080001b7   Thumb Code     0  startup_stm32f40xx.o(.text)
    TAMP_STAMP_IRQHandler                    0x080001b7   Thumb Code     0  startup_stm32f40xx.o(.text)
    TIM1_BRK_TIM9_IRQHandler                 0x080001b7   Thumb Code     0  startup_stm32f40xx.o(.text)
    TIM1_CC_IRQHandler                       0x080001b7   Thumb Code     0  startup_stm32f40xx.o(.text)
    TIM1_TRG_COM_TIM11_IRQHandler            0x080001b7   Thumb Code     0  startup_stm32f40xx.o(.text)
    TIM1_UP_TIM10_IRQHandler                 0x080001b7   Thumb Code     0  startup_stm32f40xx.o(.text)
    TIM2_IRQHandler                          0x080001b7   Thumb Code     0  startup_stm32f40xx.o(.text)
    TIM3_IRQHandler                          0x080001b7   Thumb Code     0  startup_stm32f40xx.o(.text)
    TIM4_IRQHandler                          0x080001b7   Thumb Code     0  startup_stm32f40xx.o(.text)
    TIM5_IRQHandler                          0x080001b7   Thumb Code     0  startup_stm32f40xx.o(.text)
    TIM6_DAC_IRQHandler                      0x080001b7   Thumb Code     0  startup_stm32f40xx.o(.text)
    TIM7_IRQHandler                          0x080001b7   Thumb Code     0  startup_stm32f40xx.o(.text)
    TIM8_BRK_TIM12_IRQHandler                0x080001b7   Thumb Code     0  startup_stm32f40xx.o(.text)
    TIM8_CC_IRQHandler                       0x080001b7   Thumb Code     0  startup_stm32f40xx.o(.text)
    TIM8_TRG_COM_TIM14_IRQHandler            0x080001b7   Thumb Code     0  startup_stm32f40xx.o(.text)
    TIM8_UP_TIM13_IRQHandler                 0x080001b7   Thumb Code     0  startup_stm32f40xx.o(.text)
    UART4_IRQHandler                         0x080001b7   Thumb Code     0  startup_stm32f40xx.o(.text)
    UART5_IRQHandler                         0x080001b7   Thumb Code     0  startup_stm32f40xx.o(.text)
    USART2_IRQHandler                        0x080001b7   Thumb Code     0  startup_stm32f40xx.o(.text)
    USART3_IRQHandler                        0x080001b7   Thumb Code     0  startup_stm32f40xx.o(.text)
    USART6_IRQHandler                        0x080001b7   Thumb Code     0  startup_stm32f40xx.o(.text)
    WWDG_IRQHandler                          0x080001b7   Thumb Code     0  startup_stm32f40xx.o(.text)
    __aeabi_memcpy                           0x080001c1   Thumb Code    36  memcpya.o(.text)
    __aeabi_memcpy4                          0x080001c1   Thumb Code     0  memcpya.o(.text)
    __aeabi_memcpy8                          0x080001c1   Thumb Code     0  memcpya.o(.text)
    __scatterload                            0x080001e5   Thumb Code    28  init.o(.text)
    __scatterload_rt2                        0x080001e5   Thumb Code     0  init.o(.text)
    ADC_ClearITPendingBit                    0x08000209   Thumb Code     8  stm32f4xx_adc.o(i.ADC_ClearITPendingBit)
    ADC_Cmd                                  0x08000211   Thumb Code    24  stm32f4xx_adc.o(i.ADC_Cmd)
    ADC_CommonInit                           0x08000229   Thumb Code    30  stm32f4xx_adc.o(i.ADC_CommonInit)
    ADC_GetConversionValue                   0x08000251   Thumb Code     6  stm32f4xx_adc.o(i.ADC_GetConversionValue)
    ADC_GetITStatus                          0x08000257   Thumb Code    30  stm32f4xx_adc.o(i.ADC_GetITStatus)
    ADC_IRQHandler                           0x08000275   Thumb Code    42  bsp_adc.o(i.ADC_IRQHandler)
    ADC_ITConfig                             0x080002a9   Thumb Code    24  stm32f4xx_adc.o(i.ADC_ITConfig)
    ADC_Init                                 0x080002c1   Thumb Code    66  stm32f4xx_adc.o(i.ADC_Init)
    ADC_RegularChannelConfig                 0x0800030d   Thumb Code   116  stm32f4xx_adc.o(i.ADC_RegularChannelConfig)
    ADC_SoftwareStartConv                    0x08000381   Thumb Code    10  stm32f4xx_adc.o(i.ADC_SoftwareStartConv)
    ADC_StructInit                           0x0800038b   Thumb Code    20  stm32f4xx_adc.o(i.ADC_StructInit)
    BusFault_Handler                         0x0800039f   Thumb Code     2  stm32f4xx_it.o(i.BusFault_Handler)
    DebugMon_Handler                         0x080003a1   Thumb Code     2  stm32f4xx_it.o(i.DebugMon_Handler)
    Delay_                                   0x080003a3   Thumb Code     8  ld3320_main.o(i.Delay_)
    EXTI1_IRQHandler                         0x080003ad   Thumb Code    42  ld3320_main.o(i.EXTI1_IRQHandler)
    EXTI_ClearFlag                           0x080003e9   Thumb Code     6  stm32f4xx_exti.o(i.EXTI_ClearFlag)
    EXTI_ClearITPendingBit                   0x080003f5   Thumb Code     6  stm32f4xx_exti.o(i.EXTI_ClearITPendingBit)
    EXTI_GenerateSWInterrupt                 0x08000401   Thumb Code    10  stm32f4xx_exti.o(i.EXTI_GenerateSWInterrupt)
    EXTI_GetITStatus                         0x08000411   Thumb Code    16  stm32f4xx_exti.o(i.EXTI_GetITStatus)
    EXTI_Init                                0x08000425   Thumb Code   110  stm32f4xx_exti.o(i.EXTI_Init)
    GPIO_Init                                0x08000499   Thumb Code   124  stm32f4xx_gpio.o(i.GPIO_Init)
    GPIO_PinAFConfig                         0x08000515   Thumb Code    32  stm32f4xx_gpio.o(i.GPIO_PinAFConfig)
    GPIO_ResetBits                           0x08000535   Thumb Code     4  stm32f4xx_gpio.o(i.GPIO_ResetBits)
    GPIO_SetBits                             0x08000539   Thumb Code     4  stm32f4xx_gpio.o(i.GPIO_SetBits)
    HardFault_Handler                        0x0800053d   Thumb Code     2  stm32f4xx_it.o(i.HardFault_Handler)
    LD3320_EXTI_Cfg                          0x08000541   Thumb Code   138  ld3320_main.o(i.LD3320_EXTI_Cfg)
    LD3320_GPIO_Cfg                          0x080005d1   Thumb Code    62  ld3320_main.o(i.LD3320_GPIO_Cfg)
    LD3320_Init                              0x08000615   Thumb Code    22  ld3320_main.o(i.LD3320_Init)
    LD3320_Spi_cfg                           0x0800062d   Thumb Code   196  ld3320_main.o(i.LD3320_Spi_cfg)
    LD3320_delay                             0x080006f9   Thumb Code    30  ld3320_main.o(i.LD3320_delay)
    LD3320_main                              0x08000719   Thumb Code   188  ld3320_main.o(i.LD3320_main)
    LD_AsrAddFixed                           0x080008cd   Thumb Code   158  ldchip.o(i.LD_AsrAddFixed)
    LD_AsrRun                                0x08000979   Thumb Code   122  ldchip.o(i.LD_AsrRun)
    LD_AsrStart                              0x080009f3   Thumb Code     4  ldchip.o(i.LD_AsrStart)
    LD_Check_ASRBusyFlag_b2                  0x080009f7   Thumb Code    38  ldchip.o(i.LD_Check_ASRBusyFlag_b2)
    LD_GetResult                             0x08000a1d   Thumb Code     6  ldchip.o(i.LD_GetResult)
    LD_Init_ASR                              0x08000a25   Thumb Code   108  ldchip.o(i.LD_Init_ASR)
    LD_Init_Common                           0x08000a95   Thumb Code   202  ldchip.o(i.LD_Init_Common)
    LD_ReadReg                               0x08000b65   Thumb Code    58  reg_rw.o(i.LD_ReadReg)
    LD_WriteReg                              0x08000ba5   Thumb Code    60  reg_rw.o(i.LD_WriteReg)
    LD_reset                                 0x08000be5   Thumb Code    80  ldchip.o(i.LD_reset)
    LED_Init                                 0x08000c39   Thumb Code    58  bsp_led.o(i.LED_Init)
    MemManage_Handler                        0x08000c79   Thumb Code     2  stm32f4xx_it.o(i.MemManage_Handler)
    NMI_Handler                              0x08000c7b   Thumb Code     2  stm32f4xx_it.o(i.NMI_Handler)
    NVIC_Init                                0x08000c7d   Thumb Code    98  misc.o(i.NVIC_Init)
    PendSV_Handler                           0x08000ce5   Thumb Code     2  stm32f4xx_it.o(i.PendSV_Handler)
    ProcessInt0                              0x08000ce9   Thumb Code   160  ldchip.o(i.ProcessInt0)
    RCC_AHB1PeriphClockCmd                   0x08000d91   Thumb Code    22  stm32f4xx_rcc.o(i.RCC_AHB1PeriphClockCmd)
    RCC_APB1PeriphClockCmd                   0x08000dad   Thumb Code    22  stm32f4xx_rcc.o(i.RCC_APB1PeriphClockCmd)
    RCC_APB2PeriphClockCmd                   0x08000dc9   Thumb Code    22  stm32f4xx_rcc.o(i.RCC_APB2PeriphClockCmd)
    RCC_GetClocksFreq                        0x08000de5   Thumb Code   148  stm32f4xx_rcc.o(i.RCC_GetClocksFreq)
    Rheostat_Init                            0x08000f4f   Thumb Code    18  bsp_adc.o(i.Rheostat_Init)
    RunASR                                   0x08000f61   Thumb Code    72  ld3320_main.o(i.RunASR)
    SPI_Cmd                                  0x08000fa9   Thumb Code    24  stm32f4xx_spi.o(i.SPI_Cmd)
    SPI_I2S_GetFlagStatus                    0x08000fc1   Thumb Code    14  stm32f4xx_spi.o(i.SPI_I2S_GetFlagStatus)
    SPI_I2S_ReceiveData                      0x08000fcf   Thumb Code     4  stm32f4xx_spi.o(i.SPI_I2S_ReceiveData)
    SPI_I2S_SendData                         0x08000fd3   Thumb Code     4  stm32f4xx_spi.o(i.SPI_I2S_SendData)
    SPI_Init                                 0x08000fd7   Thumb Code    56  stm32f4xx_spi.o(i.SPI_Init)
    SVC_Handler                              0x0800100f   Thumb Code     2  stm32f4xx_it.o(i.SVC_Handler)
    SYSCFG_EXTILineConfig                    0x08001011   Thumb Code    38  stm32f4xx_syscfg.o(i.SYSCFG_EXTILineConfig)
    SysTick_Handler                          0x080010f5   Thumb Code     2  stm32f4xx_it.o(i.SysTick_Handler)
    SystemInit                               0x080010f9   Thumb Code    74  system_stm32f4xx.o(i.SystemInit)
    USART1_IRQHandler                        0x08001155   Thumb Code    56  bsp_usart.o(i.USART1_IRQHandler)
    USART_Cmd                                0x08001199   Thumb Code    24  stm32f4xx_usart.o(i.USART_Cmd)
    USART_GetFlagStatus                      0x080011b1   Thumb Code    14  stm32f4xx_usart.o(i.USART_GetFlagStatus)
    USART_GetITStatus                        0x080011bf   Thumb Code    64  stm32f4xx_usart.o(i.USART_GetITStatus)
    USART_ITConfig                           0x080011ff   Thumb Code    54  stm32f4xx_usart.o(i.USART_ITConfig)
    USART_Init                               0x08001235   Thumb Code   180  stm32f4xx_usart.o(i.USART_Init)
    USART_ReceiveData                        0x080012f1   Thumb Code     8  stm32f4xx_usart.o(i.USART_ReceiveData)
    USART_SendByte                           0x080012f9   Thumb Code    24  bsp_usart.o(i.USART_SendByte)
    USART_SendData                           0x08001311   Thumb Code     8  stm32f4xx_usart.o(i.USART_SendData)
    UsageFault_Handler                       0x08001319   Thumb Code     2  stm32f4xx_it.o(i.UsageFault_Handler)
    Usart_SendString                         0x0800131b   Thumb Code    38  bsp_usart.o(i.Usart_SendString)
    __scatterload_copy                       0x08001341   Thumb Code    14  handlers.o(i.__scatterload_copy)
    __scatterload_null                       0x0800134f   Thumb Code     2  handlers.o(i.__scatterload_null)
    __scatterload_zeroinit                   0x08001351   Thumb Code    14  handlers.o(i.__scatterload_zeroinit)
    main                                     0x0800135f   Thumb Code    18  main.o(i.main)
    usart_configuration                      0x080013a5   Thumb Code   148  bsp_usart.o(i.usart_configuration)
    Region$$Table$$Base                      0x080014a4   Number         0  anon$$obj.o(Region$$Table)
    Region$$Table$$Limit                     0x080014c4   Number         0  anon$$obj.o(Region$$Table)
    ADC_ConvertedValue                       0x20000010   Data           2  ld3320_main.o(.data)
    nAsrStatus                               0x20000012   Data           1  ld3320_main.o(.data)
    nLD_Mode                                 0x20000013   Data           1  ldchip.o(.data)
    ucRegVal                                 0x20000014   Data           1  ldchip.o(.data)
    __initial_sp                             0x20000418   Data           0  startup_stm32f40xx.o(STACK)



==============================================================================

Memory Map of the image

  Image Entry point : 0x08000189

  Load Region LR_IROM1 (Base: 0x08000000, Size: 0x000014dc, Max: 0x00100000, ABSOLUTE)

    Execution Region ER_IROM1 (Base: 0x08000000, Size: 0x000014c4, Max: 0x00100000, ABSOLUTE)

    Base Addr    Size         Type   Attr      Idx    E Section Name        Object

    0x08000000   0x00000188   Data   RO            3    RESET               startup_stm32f40xx.o
    0x08000188   0x00000000   Code   RO         2675  * .ARM.Collect$$$$00000000  mc_w.l(entry.o)
    0x08000188   0x00000004   Code   RO         2682    .ARM.Collect$$$$00000001  mc_w.l(entry2.o)
    0x0800018c   0x00000004   Code   RO         2685    .ARM.Collect$$$$00000004  mc_w.l(entry5.o)
    0x08000190   0x00000000   Code   RO         2687    .ARM.Collect$$$$00000008  mc_w.l(entry7b.o)
    0x08000190   0x00000000   Code   RO         2689    .ARM.Collect$$$$0000000A  mc_w.l(entry8b.o)
    0x08000190   0x00000008   Code   RO         2690    .ARM.Collect$$$$0000000B  mc_w.l(entry9a.o)
    0x08000198   0x00000000   Code   RO         2692    .ARM.Collect$$$$0000000D  mc_w.l(entry10a.o)
    0x08000198   0x00000000   Code   RO         2694    .ARM.Collect$$$$0000000F  mc_w.l(entry11a.o)
    0x08000198   0x00000004   Code   RO         2683    .ARM.Collect$$$$00002712  mc_w.l(entry2.o)
    0x0800019c   0x00000024   Code   RO            4    .text               startup_stm32f40xx.o
    0x080001c0   0x00000024   Code   RO         2678    .text               mc_w.l(memcpya.o)
    0x080001e4   0x00000024   Code   RO         2696    .text               mc_w.l(init.o)
    0x08000208   0x00000008   Code   RO         1972    i.ADC_ClearITPendingBit  stm32f4xx_adc.o
    0x08000210   0x00000018   Code   RO         1973    i.ADC_Cmd           stm32f4xx_adc.o
    0x08000228   0x00000028   Code   RO         1974    i.ADC_CommonInit    stm32f4xx_adc.o
    0x08000250   0x00000006   Code   RO         1985    i.ADC_GetConversionValue  stm32f4xx_adc.o
    0x08000256   0x0000001e   Code   RO         1987    i.ADC_GetITStatus   stm32f4xx_adc.o
    0x08000274   0x00000034   Code   RO         2632    i.ADC_IRQHandler    bsp_adc.o
    0x080002a8   0x00000018   Code   RO         1992    i.ADC_ITConfig      stm32f4xx_adc.o
    0x080002c0   0x0000004c   Code   RO         1993    i.ADC_Init          stm32f4xx_adc.o
    0x0800030c   0x00000074   Code   RO         1998    i.ADC_RegularChannelConfig  stm32f4xx_adc.o
    0x08000380   0x0000000a   Code   RO         2000    i.ADC_SoftwareStartConv  stm32f4xx_adc.o
    0x0800038a   0x00000014   Code   RO         2002    i.ADC_StructInit    stm32f4xx_adc.o
    0x0800039e   0x00000002   Code   RO         2278    i.BusFault_Handler  stm32f4xx_it.o
    0x080003a0   0x00000002   Code   RO         2279    i.DebugMon_Handler  stm32f4xx_it.o
    0x080003a2   0x00000008   Code   RO         2440    i.Delay_            ld3320_main.o
    0x080003aa   0x00000002   PAD
    0x080003ac   0x0000003c   Code   RO         2441    i.EXTI1_IRQHandler  ld3320_main.o
    0x080003e8   0x0000000c   Code   RO          217    i.EXTI_ClearFlag    stm32f4xx_exti.o
    0x080003f4   0x0000000c   Code   RO          218    i.EXTI_ClearITPendingBit  stm32f4xx_exti.o
    0x08000400   0x00000010   Code   RO          220    i.EXTI_GenerateSWInterrupt  stm32f4xx_exti.o
    0x08000410   0x00000014   Code   RO          222    i.EXTI_GetITStatus  stm32f4xx_exti.o
    0x08000424   0x00000074   Code   RO          223    i.EXTI_Init         stm32f4xx_exti.o
    0x08000498   0x0000007c   Code   RO          542    i.GPIO_Init         stm32f4xx_gpio.o
    0x08000514   0x00000020   Code   RO          543    i.GPIO_PinAFConfig  stm32f4xx_gpio.o
    0x08000534   0x00000004   Code   RO          549    i.GPIO_ResetBits    stm32f4xx_gpio.o
    0x08000538   0x00000004   Code   RO          550    i.GPIO_SetBits      stm32f4xx_gpio.o
    0x0800053c   0x00000002   Code   RO         2280    i.HardFault_Handler  stm32f4xx_it.o
    0x0800053e   0x00000002   PAD
    0x08000540   0x00000090   Code   RO         2442    i.LD3320_EXTI_Cfg   ld3320_main.o
    0x080005d0   0x00000044   Code   RO         2443    i.LD3320_GPIO_Cfg   ld3320_main.o
    0x08000614   0x00000016   Code   RO         2444    i.LD3320_Init       ld3320_main.o
    0x0800062a   0x00000002   PAD
    0x0800062c   0x000000cc   Code   RO         2445    i.LD3320_Spi_cfg    ld3320_main.o
    0x080006f8   0x0000001e   Code   RO         2446    i.LD3320_delay      ld3320_main.o
    0x08000716   0x00000002   PAD
    0x08000718   0x000001b4   Code   RO         2447    i.LD3320_main       ld3320_main.o
    0x080008cc   0x000000ac   Code   RO         2517    i.LD_AsrAddFixed    ldchip.o
    0x08000978   0x0000007a   Code   RO         2518    i.LD_AsrRun         ldchip.o
    0x080009f2   0x00000004   Code   RO         2519    i.LD_AsrStart       ldchip.o
    0x080009f6   0x00000026   Code   RO         2520    i.LD_Check_ASRBusyFlag_b2  ldchip.o
    0x08000a1c   0x00000006   Code   RO         2521    i.LD_GetResult      ldchip.o
    0x08000a22   0x00000002   PAD
    0x08000a24   0x00000070   Code   RO         2522    i.LD_Init_ASR       ldchip.o
    0x08000a94   0x000000d0   Code   RO         2523    i.LD_Init_Common    ldchip.o
    0x08000b64   0x00000040   Code   RO         2597    i.LD_ReadReg        reg_rw.o
    0x08000ba4   0x00000040   Code   RO         2598    i.LD_WriteReg       reg_rw.o
    0x08000be4   0x00000054   Code   RO         2524    i.LD_reset          ldchip.o
    0x08000c38   0x00000040   Code   RO         2356    i.LED_Init          bsp_led.o
    0x08000c78   0x00000002   Code   RO         2281    i.MemManage_Handler  stm32f4xx_it.o
    0x08000c7a   0x00000002   Code   RO         2282    i.NMI_Handler       stm32f4xx_it.o
    0x08000c7c   0x00000068   Code   RO          165    i.NVIC_Init         misc.o
    0x08000ce4   0x00000002   Code   RO         2283    i.PendSV_Handler    stm32f4xx_it.o
    0x08000ce6   0x00000002   PAD
    0x08000ce8   0x000000a8   Code   RO         2525    i.ProcessInt0       ldchip.o
    0x08000d90   0x0000001c   Code   RO          643    i.RCC_AHB1PeriphClockCmd  stm32f4xx_rcc.o
    0x08000dac   0x0000001c   Code   RO          652    i.RCC_APB1PeriphClockCmd  stm32f4xx_rcc.o
    0x08000dc8   0x0000001c   Code   RO          655    i.RCC_APB2PeriphClockCmd  stm32f4xx_rcc.o
    0x08000de4   0x000000a0   Code   RO          664    i.RCC_GetClocksFreq  stm32f4xx_rcc.o
    0x08000e84   0x00000028   Code   RO         2633    i.Rheostat_ADC_GPIO_Config  bsp_adc.o
    0x08000eac   0x00000084   Code   RO         2634    i.Rheostat_ADC_Mode_Config  bsp_adc.o
    0x08000f30   0x0000001e   Code   RO         2635    i.Rheostat_ADC_NVIC_Config  bsp_adc.o
    0x08000f4e   0x00000012   Code   RO         2636    i.Rheostat_Init     bsp_adc.o
    0x08000f60   0x00000048   Code   RO         2448    i.RunASR            ld3320_main.o
    0x08000fa8   0x00000018   Code   RO          987    i.SPI_Cmd           stm32f4xx_spi.o
    0x08000fc0   0x0000000e   Code   RO          995    i.SPI_I2S_GetFlagStatus  stm32f4xx_spi.o
    0x08000fce   0x00000004   Code   RO          998    i.SPI_I2S_ReceiveData  stm32f4xx_spi.o
    0x08000fd2   0x00000004   Code   RO          999    i.SPI_I2S_SendData  stm32f4xx_spi.o
    0x08000fd6   0x00000038   Code   RO         1000    i.SPI_Init          stm32f4xx_spi.o
    0x0800100e   0x00000002   Code   RO         2284    i.SVC_Handler       stm32f4xx_it.o
    0x08001010   0x0000002c   Code   RO         1910    i.SYSCFG_EXTILineConfig  stm32f4xx_syscfg.o
    0x0800103c   0x000000b8   Code   RO           13    i.SetSysClock       system_stm32f4xx.o
    0x080010f4   0x00000002   Code   RO         2285    i.SysTick_Handler   stm32f4xx_it.o
    0x080010f6   0x00000002   PAD
    0x080010f8   0x0000005c   Code   RO           15    i.SystemInit        system_stm32f4xx.o
    0x08001154   0x00000044   Code   RO         2380    i.USART1_IRQHandler  bsp_usart.o
    0x08001198   0x00000018   Code   RO         1719    i.USART_Cmd         stm32f4xx_usart.o
    0x080011b0   0x0000000e   Code   RO         1722    i.USART_GetFlagStatus  stm32f4xx_usart.o
    0x080011be   0x00000040   Code   RO         1723    i.USART_GetITStatus  stm32f4xx_usart.o
    0x080011fe   0x00000036   Code   RO         1725    i.USART_ITConfig    stm32f4xx_usart.o
    0x08001234   0x000000bc   Code   RO         1726    i.USART_Init        stm32f4xx_usart.o
    0x080012f0   0x00000008   Code   RO         1733    i.USART_ReceiveData  stm32f4xx_usart.o
    0x080012f8   0x00000018   Code   RO         2381    i.USART_SendByte    bsp_usart.o
    0x08001310   0x00000008   Code   RO         1736    i.USART_SendData    stm32f4xx_usart.o
    0x08001318   0x00000002   Code   RO         2286    i.UsageFault_Handler  stm32f4xx_it.o
    0x0800131a   0x00000026   Code   RO         2382    i.Usart_SendString  bsp_usart.o
    0x08001340   0x0000000e   Code   RO         2700    i.__scatterload_copy  mc_w.l(handlers.o)
    0x0800134e   0x00000002   Code   RO         2701    i.__scatterload_null  mc_w.l(handlers.o)
    0x08001350   0x0000000e   Code   RO         2702    i.__scatterload_zeroinit  mc_w.l(handlers.o)
    0x0800135e   0x00000012   Code   RO         2214    i.main              main.o
    0x08001370   0x00000034   Code   RO         2599    i.spi_send_byte     reg_rw.o
    0x080013a4   0x0000009c   Code   RO         2384    i.usart_configuration  bsp_usart.o
    0x08001440   0x00000064   Data   RO         2526    .constdata          ldchip.o
    0x080014a4   0x00000020   Data   RO         2698    Region$$Table       anon$$obj.o


    Execution Region RW_IRAM1 (Base: 0x20000000, Size: 0x00000418, Max: 0x00020000, ABSOLUTE)

    Base Addr    Size         Type   Attr      Idx    E Section Name        Object

    0x20000000   0x00000010   Data   RW          696    .data               stm32f4xx_rcc.o
    0x20000010   0x00000002   Data   RW         2449    .data               ld3320_main.o
    0x20000012   0x00000001   Data   RW         2450    .data               ld3320_main.o
    0x20000013   0x00000002   Data   RW         2527    .data               ldchip.o
    0x20000015   0x00000003   PAD
    0x20000018   0x00000400   Zero   RW            1    STACK               startup_stm32f40xx.o


==============================================================================

Image component sizes


      Code (inc. data)   RO Data    RW Data    ZI Data      Debug   Object Name

       272         18          0          0          0       2785   bsp_adc.o
        64          6          0          0          0        555   bsp_led.o
       286         20          0          0          0       3078   bsp_usart.o
      1044        292          0          3          0       6465   ld3320_main.o
       914         36        100          2          0       6044   ldchip.o
        18          0          0          0          0        495   main.o
       104          6          0          0          0       1252   misc.o
       180         14          0          0          0       1827   reg_rw.o
        36          8        392          0       1024        980   startup_stm32f40xx.o
       354         20          0          0          0       8664   stm32f4xx_adc.o
       176         28          0          0          0       3812   stm32f4xx_exti.o
       164          0          0          0          0       3327   stm32f4xx_gpio.o
        18          0          0          0          0       4378   stm32f4xx_it.o
       244         30          0         16          0       5367   stm32f4xx_rcc.o
       102          0          0          0          0       4074   stm32f4xx_spi.o
        44          6          0          0          0        748   stm32f4xx_syscfg.o
       360          8          0          0          0       6469   stm32f4xx_usart.o
       276         34          0          0          0     298661   system_stm32f4xx.o

    ----------------------------------------------------------------------
      4670        526        524         24       1024     358981   Object Totals
         0          0         32          0          0          0   (incl. Generated)
        14          0          0          3          0          0   (incl. Padding)

    ----------------------------------------------------------------------

      Code (inc. data)   RO Data    RW Data    ZI Data      Debug   Library Member Name

         0          0          0          0          0          0   entry.o
         0          0          0          0          0          0   entry10a.o
         0          0          0          0          0          0   entry11a.o
         8          4          0          0          0          0   entry2.o
         4          0          0          0          0          0   entry5.o
         0          0          0          0          0          0   entry7b.o
         0          0          0          0          0          0   entry8b.o
         8          4          0          0          0          0   entry9a.o
        30          0          0          0          0          0   handlers.o
        36          8          0          0          0         68   init.o
        36          0          0          0          0         68   memcpya.o

    ----------------------------------------------------------------------
       122         16          0          0          0        136   Library Totals
         0          0          0          0          0          0   (incl. Padding)

    ----------------------------------------------------------------------

      Code (inc. data)   RO Data    RW Data    ZI Data      Debug   Library Name

       122         16          0          0          0        136   mc_w.l

    ----------------------------------------------------------------------
       122         16          0          0          0        136   Library Totals

    ----------------------------------------------------------------------

==============================================================================


      Code (inc. data)   RO Data    RW Data    ZI Data      Debug   

      4792        542        524         24       1024     351921   Grand Totals
      4792        542        524         24       1024     351921   ELF Image Totals
      4792        542        524         24          0          0   ROM Totals

==============================================================================

    Total RO  Size (Code + RO Data)                 5316 (   5.19kB)
    Total RW  Size (RW Data + ZI Data)              1048 (   1.02kB)
    Total ROM Size (Code + RO Data + RW Data)       5340 (   5.21kB)

==============================================================================

